> # wd <- "SET WORKING DIRECTORY HERE"
> wd <- "C:/Users/chjh/Dropbox/projects/2014rpp/master"
> 
> ######################################################################################
> # Master script Tilburg University Analyses                                          #
> # Responsible for this file: CHJ Hartgerink (c.h.j.hartgerink@tilburguniversity.edu) #
> ######################################################################################
> 
> setwd(wd)
> # Read in Tilburg data
> MASTER <- read.csv('tilburg data.csv')
> # source functions
> source('functions.r')
> library(Hmisc)
> 
> # ALL ANALYSES INCLUDE PAIRWISE SELECTION.
> 
> #-----------------------------
> 
> # Writing out data for table
> # https://docs.google.com/spreadsheets/d/16aqIekNerZcflSJwM7dOiXnN24-KvZqaa3eTg4js41U/edit#gid=0
> # Columns B-E
> ### Recode "Publishing journal and subdiscipline"
> jour <- numeric()
> 
> for(i in 1:nrow(MASTER)) {
+   if(as.character(MASTER$Journal..O.[i]) == "JEPLMC") {
+     jour[i] <- 1
+   } else if(as.character(MASTER$Journal..O.[i]) == "JPSP") {
+     jour[i] <- 2
+   } else if(as.character(MASTER$Journal..O.[i]) == "PS") {
+     if(as.character(MASTER$Discipline..O.[i]) == "Cognitive") {
+       jour[i] <- 3
+     } else if(as.character(MASTER$Discipline..O.[i]) == "Social") {
+       jour[i] <- 4
+     } else { jour[i] <- 5 }
+   }
+   else { jour[i] <- NA }
+ }
> 
> # Overall 
> sel <- MASTER[!is.na(MASTER$T_r..O.) & !is.na(MASTER$T_r..R.),]
> 
> # Column B
> # Relations tested
> reltest <- dim(sel)[1]
> # Relations both significant
> relsig <- sum((sel$T_pval_USE..O.) <= .05 & (sel$T_pval_USE..R. <= .05), na.rm = TRUE)
> writeClipboard(
+   paste0(
+     round(relsig, 0),
+     " / ",
+     round(reltest, 0)
+   )
+ )
> cat("\014")
> readline("Paste into column B, then press ENTER key")
Paste into column B, then press ENTER key
[1] ""
> # Column C
> # Percent
> writeClipboard(as.character(round((relsig / reltest), 2)))
> cat("\014")
> readline("Paste into column C, then press ENTER key")
Paste into column C, then press ENTER key
[1] ""
> # Column D
> # Mean
> temp1 <- mean(sel$T_r..O., na.rm = TRUE)
> # SD
> temp2 <- sd(sel$T_r..O., na.rm = TRUE)
> 
> writeClipboard(paste0(round(temp1, 2), " (", round(temp2, 2), ")"))
> cat("\014")
> readline("Paste into column D, then press ENTER key")
Paste into column D, then press ENTER key
[1] ""
> # Column E
> # Mean
> temp1 <- mean(sel$T_r..R., na.rm = TRUE)
> # SD
> temp2 <- sd(sel$T_r..R., na.rm = TRUE)
> 
> writeClipboard(paste0(round(temp1, 2), " (", round(temp2, 2), ")"))
> cat("\014")
> readline("Paste into column E, then press ENTER key")
Paste into column E, then press ENTER key
[1] ""
> # Per journal 
> for(journal in c(2,1,4,3,5)){
+ 
+   sel <- MASTER[!is.na(MASTER$T_r..O.) & !is.na(MASTER$T_r..R.) & jour == journal,]
+   
+   # Column B
+   # Relations tested
+   reltest <- dim(sel)[1]
+   # Relations both significant
+   relsig <- sum((sel$T_pval_USE..O.) <= .05 & (sel$T_pval_USE..R. <= .05), na.rm = TRUE)
+   writeClipboard(
+     paste0(
+       round(relsig, 0),
+       " / ",
+       round(reltest, 0)
+     )
+   )
+   cat("\014")
+   readline("Paste into column B, then press ENTER key")
+   
+   # Column C
+   # Percent
+   writeClipboard(as.character(round((relsig / reltest) * 100, 0)))
+   cat("\014")
+   readline("Paste into column C, then press ENTER key")
+   
+   # Column D
+   # Mean
+   temp1 <- mean(sel$T_r..O., na.rm = TRUE)
+   # SD
+   temp2 <- sd(sel$T_r..O., na.rm = TRUE)
+   
+   writeClipboard(paste0(round(temp1, 2), " (", round(temp2, 2), ")"))
+   cat("\014")
+   readline("Paste into column D, then press ENTER key")
+   
+   # Column E
+   # Mean
+   temp1 <- mean(sel$T_r..R., na.rm = TRUE)
+   # SD
+   temp2 <- sd(sel$T_r..R., na.rm = TRUE)
+   
+   writeClipboard(paste0(round(temp1, 2), " (", round(temp2, 2), ")"))
+   cat("\014")
+   readline("Paste into column E, then press ENTER key")
+ }
Paste into column B, then press ENTER key
Paste into column C, then press ENTER key#---------------
Paste into column D, then press ENTER key
Paste into column E, then press ENTER key# P-value analyses
Paste into column B, then press ENTER key# Written by CHJ Hartgerink
Paste into column C, then press ENTER key
Paste into column D, then press ENTER key#  McNemar test
Paste into column E, then press ENTER keytab <- table(MASTER$T_sign..O.[!is.na(MASTER$T_sign..O.) & !is.na(MASTER$T_sign..R.)],
Paste into column B, then press ENTER key             MASTER$T_sign..R.[!is.na(MASTER$T_sign..O.) & !is.na(MASTER$T_sign..R.)])
Paste into column C, then press ENTER key
Paste into column D, then press ENTER keymcnemarchi <- (tab[1,2]-tab[2,1])^2/(tab[1,2]+tab[2,1])
Paste into column E, then press ENTER keymcnemarp <- pchisq(q = mcnemarchi, df = 1, lower.tail = FALSE)
Paste into column B, then press ENTER key
Paste into column C, then press ENTER key# Dependent t-test p-values
Paste into column D, then press ENTER keyt.test(x = MASTER$T_pval_USE..O.[!is.na(MASTER$T_pval_USE..O.) & !is.na(MASTER$T_pval_USE..R.)],
Paste into column E, then press ENTER key       y = MASTER$T_pval_USE..R.[!is.na(MASTER$T_pval_USE..O.) & !is.na(MASTER$T_pval_USE..R.)],
Paste into column B, then press ENTER key       paired = TRUE)
Paste into column C, then press ENTER key
Paste into column D, then press ENTER key# Wilcoxon signed-rank test p-values
Paste into column E, then press ENTER keywilcox.test(MASTER$T_pval_USE..O.[!is.na(MASTER$T_pval_USE..O.) & !is.na(MASTER$T_pval_USE..R.)],            MASTER$T_pval_USE..R.[!is.na(MASTER$T_pval_USE..O.) & !is.na(MASTER$T_pval_USE..R.)],            alternative="two.sided")
> 
> sd(MASTER$T_pval_USE..O.[!is.na(MASTER$T_pval_USE..O.) & !is.na(MASTER$T_pval_USE..R.)])
[1] 0.1048667
> summary(MASTER$T_pval_USE..O.[!is.na(MASTER$T_pval_USE..O.) & !is.na(MASTER$T_pval_USE..R.)])
     Min.   1st Qu.    Median      Mean   3rd Qu.      Max. 
0.0000000 0.0005945 0.0076550 0.0294500 0.0244900 0.9124000 
> sd(MASTER$T_pval_USE..R.[!is.na(MASTER$T_pval_USE..O.) & !is.na(MASTER$T_pval_USE..R.)])
[1] 0.3167277
> summary(MASTER$T_pval_USE..R.[!is.na(MASTER$T_pval_USE..O.) & !is.na(MASTER$T_pval_USE..R.)])
    Min.  1st Qu.   Median     Mean  3rd Qu.     Max. 
0.000000 0.007754 0.198200 0.301100 0.523500 0.974800 
> 
> # Percent significant and nonsignificant for original studies
> # Significant
> sum(MASTER$T_pval_USE..O.[!is.na(MASTER$T_pval_USE..O.)] <= .05) / length(MASTER$T_pval_USE..O.[!is.na(MASTER$T_pval_USE..O.)])
[1] 0.9300699
> # Nonsignificant
> sum(MASTER$T_pval_USE..O.[!is.na(MASTER$T_pval_USE..O.)] > .05) / length(MASTER$T_pval_USE..O.[!is.na(MASTER$T_pval_USE..O.)])
[1] 0.06993007
> 
> # Percent significant and nonsignificant for replication studies
> # Significant
> sum(MASTER$T_pval_USE..R.[!is.na(MASTER$T_pval_USE..R.)] <= .05) / length(MASTER$T_pval_USE..R.[!is.na(MASTER$T_pval_USE..R.)])
[1] 0.3473684
> # Nonsignificant
> sum(MASTER$T_pval_USE..R.[!is.na(MASTER$T_pval_USE..R.)] > .05) / length(MASTER$T_pval_USE..R.[!is.na(MASTER$T_pval_USE..R.)])
[1] 0.6526316
> 
> # Deviation from uniformity in nonsignificant replication studies
> FisherMethod(x = MASTER$T_pval_USE..R.[!is.na(MASTER$T_pval_USE..R.)],
+              id = 1,
+              alpha = .05)
      Fish      PFish CountNSig CountSig PercentNonSig
1 153.9089 0.03541897        62       33     0.6526316
> 
> # Distribution p-values
> pdf('pvalue distributions.pdf', onefile = TRUE, width = 11, height = 9.2)
> #PDF
> plot(density(MASTER$T_pval_USE..O.[!is.na(MASTER$T_pval_USE..O.) & !is.na(MASTER$T_pval_USE..R.)]),
+      lty=1,
+      frame.plot=F, 
+      main="P-value distributions (PDF)",
+      xlim=c(0,1),
+      xaxs="i",
+      yaxs="i",
+      xlab="P-value",
+      ylab = "Density",
+      cex.axis=.6,
+      cex.lab=.7,
+      col = "grey")
> lines(density(MASTER$T_pval_USE..R.[!is.na(MASTER$T_pval_USE..O.) & !is.na(MASTER$T_pval_USE..R.)]))
> legend(x=.4,y=4,legend=c(paste('Original p-values, k = ',
+                                length(MASTER$T_pval_USE..O.[!is.na(MASTER$T_pval_USE..O.) & !is.na(MASTER$T_pval_USE..R.)])),
+                          paste('Replication p-values, k = ',
+                                length(MASTER$T_pval_USE..R.[!is.na(MASTER$T_pval_USE..O.) & !is.na(MASTER$T_pval_USE..R.)]))),
+        cex=1,
+        lty=c(1,1), bty = 'n',
+        col = c("grey","black"),box.lwd=0)
> 
> # CDF
> plot(ecdf(MASTER$T_pval_USE..O.[!is.na(MASTER$T_pval_USE..O.) & !is.na(MASTER$T_pval_USE..R.)]),
+      lty=1,
+      frame.plot=F, 
+      main="P-value distributions (CDF)",
+      xlim=c(0,1),
+      xaxs="i",
+      yaxs="i",
+      xlab="P-value",
+      ylab = "Density",
+      cex.axis=.6,
+      cex.lab=.7,
+      col = "grey")
> lines(ecdf(MASTER$T_pval_USE..R.[!is.na(MASTER$T_pval_USE..O.) & !is.na(MASTER$T_pval_USE..R.)]))
> legend(x=.5,y=.3,legend=c(paste('Original p-values, k = ',
+                                 length(MASTER$T_pval_USE..O.[!is.na(MASTER$T_pval_USE..O.) & !is.na(MASTER$T_pval_USE..R.)])),
+                           paste('Replication p-values, k = ',
+                                 length(MASTER$T_pval_USE..R.[!is.na(MASTER$T_pval_USE..O.) & !is.na(MASTER$T_pval_USE..R.)]))),
+        cex=1,
+        lty=c(1,1), bty = 'n',
+        col = c("grey","black"),box.lwd=0)
> dev.off()
null device 
          1 
> 
> # Significance per journal
> 
> # Table significance, per journal
> d11 <- sum(MASTER$T_pval_USE..O.[!is.na(MASTER$T_pval_USE..O.) & MASTER$Journal..O. == "JPSP"] <= .05)
> d11perc <- d11 / length(MASTER$T_pval_USE..O.[!is.na(MASTER$T_pval_USE..O.) & MASTER$Journal..O. == "JPSP"])
> d12 <- sum(MASTER$T_pval_USE..O.[!is.na(MASTER$T_pval_USE..O.) & MASTER$Journal..O. == "JEPLMC"] <= .05)
> d12perc <- d12 / length(MASTER$T_pval_USE..O.[!is.na(MASTER$T_pval_USE..O.) & MASTER$Journal..O. == "JEPLMC"])
> d13 <- sum(MASTER$T_pval_USE..O.[!is.na(MASTER$T_pval_USE..O.) & MASTER$Journal..O. == "PS"] <= .05)
> d13perc <- d13 / length(MASTER$T_pval_USE..O.[!is.na(MASTER$T_pval_USE..O.) & MASTER$Journal..O. == "PS"])
> 
> d21 <- sum(MASTER$T_pval_USE..R.[!is.na(MASTER$T_pval_USE..R.) & MASTER$Journal..O. == "JPSP"] <= .05)
> d21perc <- d21 / length(MASTER$T_pval_USE..R.[!is.na(MASTER$T_pval_USE..R.) & MASTER$Journal..O. == "JPSP"])
> d22 <- sum(MASTER$T_pval_USE..R.[!is.na(MASTER$T_pval_USE..R.) & MASTER$Journal..O. == "JEPLMC"] <= .05)
> d22perc <- d22 / length(MASTER$T_pval_USE..R.[!is.na(MASTER$T_pval_USE..R.) & MASTER$Journal..O. == "JEPLMC"])
> d23 <- sum(MASTER$T_pval_USE..R.[!is.na(MASTER$T_pval_USE..R.) & MASTER$Journal..O. == "PS"] <= .05)
> d23perc <- d23 / length(MASTER$T_pval_USE..R.[!is.na(MASTER$T_pval_USE..R.) & MASTER$Journal..O. == "PS"])
> 
> d21cond <- sum(MASTER$T_pval_USE..R.[!is.na(MASTER$T_pval_USE..R.) & MASTER$Journal..O. == "JPSP" & 
+                                        MASTER$T_pval_USE..O. <= .05] <= .05)
> d21perccond <- d21 / length(MASTER$T_pval_USE..R.[!is.na(MASTER$T_pval_USE..R.) & MASTER$Journal..O. == "JPSP" & 
+                                                     MASTER$T_pval_USE..O. <= .05])
> d22cond <- sum(MASTER$T_pval_USE..R.[!is.na(MASTER$T_pval_USE..R.) & MASTER$Journal..O. == "JEPLMC" &
+                                        MASTER$T_pval_USE..O. <= .05] <= .05)
> d22perccond <- d22 / length(MASTER$T_pval_USE..R.[!is.na(MASTER$T_pval_USE..R.) & MASTER$Journal..O. == "JEPLMC" &
+                                                     MASTER$T_pval_USE..O. <= .05])
> d23cond <- sum(MASTER$T_pval_USE..R.[!is.na(MASTER$T_pval_USE..R.) & MASTER$Journal..O. == "PS" &
+                                        MASTER$T_pval_USE..O. <= .05] <= .05)
> d23perccond <- d23 / length(MASTER$T_pval_USE..R.[!is.na(MASTER$T_pval_USE..R.) & MASTER$Journal..O. == "PS" &
+                                                     MASTER$T_pval_USE..O. <= .05])
> 
> labels <- c("Original", "Replication", "Replication | sig original")
> 
> col1 <- c(d11, d21, d21cond)
> col1perc <- c(d11perc, d21perc, d21perccond)
> col2 <- c(d12, d22, d22cond)
> col2perc <- c(d12perc, d22perc, d22perccond)
> col3 <- c(d13, d23, d23cond)
> col3perc <- c(d13perc, d23perc, d23perccond)
> 
> cbind(labels, col1, col1perc, col2, col2perc, col3, col3perc)
     labels                       col1 col1perc            col2 col2perc            col3 col3perc           
[1,] "Original"                   "45" "0.957446808510638" "32" "0.864864864864865" "56" "0.949152542372881"
[2,] "Replication"                "6"  "0.2"               "12" "0.461538461538462" "15" "0.384615384615385"
[3,] "Replication | sig original" "6"  "0.206896551724138" "12" "0.521739130434783" "14" "0.405405405405405"
> 
> #---------------
> 
> # Effect size distributions
> # Written by CHJ Hartgerink
> 
> # Original effects recomputed
> length(MASTER$T_r..O.[!is.na(MASTER$T_r..O.)])
[1] 142
> # Replication effects recopmuted
> length(MASTER$T_r..R.[!is.na(MASTER$T_r..R.)])
[1] 94
> 
> # Number of pairs
> sum(!is.na(MASTER$T_r..O.) & !is.na(MASTER$T_r..R.))
[1] 94
> 
> # Dependent t-test effects (r values)
> t.test(x = MASTER$T_r..O.[!is.na(MASTER$T_r..O.) & !is.na(MASTER$T_r..R.)],
+        y = MASTER$T_r..R.[!is.na(MASTER$T_r..O.) & !is.na(MASTER$T_r..R.)],
+        paired = TRUE)

        Paired t-test

data:  MASTER$T_r..O.[!is.na(MASTER$T_r..O.) & !is.na(MASTER$T_r..R.)] and MASTER$T_r..R.[!is.na(MASTER$T_r..O.) & !is.na(MASTER$T_r..R.)]
t = 9.3625, df = 93, p-value = 4.568e-15
alternative hypothesis: true difference in means is not equal to 0
95 percent confidence interval:
 0.1441027 0.2216878
sample estimates:
mean of the differences 
              0.1828952 

> 
> 
> # Wilcox test effects (r values)
> wilcox.test(MASTER$T_r..O.[!is.na(MASTER$T_r..O.) & !is.na(MASTER$T_r..R.)],
+             MASTER$T_r..R.[!is.na(MASTER$T_r..O.) & !is.na(MASTER$T_r..R.)],
+             alternative="two.sided")

        Wilcoxon rank sum test with continuity correction

data:  MASTER$T_r..O.[!is.na(MASTER$T_r..O.) & !is.na(MASTER$T_r..R.)] and MASTER$T_r..R.[!is.na(MASTER$T_r..O.) & !is.na(MASTER$T_r..R.)]
W = 6633, p-value = 2.917e-09
alternative hypothesis: true location shift is not equal to 0

> 
> summary(MASTER$T_r..O.[!is.na(MASTER$T_r..O.) & !is.na(MASTER$T_r..R.)])
   Min. 1st Qu.  Median    Mean 3rd Qu.    Max. 
0.00464 0.22440 0.37330 0.39190 0.52260 0.85960 
> sd(MASTER$T_r..O.[!is.na(MASTER$T_r..O.) & !is.na(MASTER$T_r..R.)])
[1] 0.1927125
> summary(MASTER$T_r..R.[!is.na(MASTER$T_r..O.) & !is.na(MASTER$T_r..R.)])
   Min. 1st Qu.  Median    Mean 3rd Qu.    Max. 
-0.2229  0.0368  0.1260  0.2090  0.3430  0.9229 
> sd(MASTER$T_r..R.[!is.na(MASTER$T_r..O.) & !is.na(MASTER$T_r..R.)])
[1] 0.244331
> 
> mean(MASTER$T_r..O.[!is.na(MASTER$T_r..O.) & !is.na(MASTER$T_r..R.)])-mean(MASTER$T_r..R.[!is.na(MASTER$T_r..O.) & !is.na(MASTER$T_r..R.)])
[1] 0.1828952
> 
> # Binomial test to see if replicated effect is larger than original
> temp <- MASTER$T_Comparison.effects..R.O.
> prop <- sum(temp[!is.na(temp)])/length(temp[!is.na(temp)])
> binom.test(x = sum(temp[!is.na(temp)]), n = length(temp[!is.na(temp)]),
+            p = .5,alternative = "two.sided")

        Exact binomial test

data:  sum(temp[!is.na(temp)]) and length(temp[!is.na(temp)])
number of successes = 16, number of trials = 95, p-value = 3.468e-11
alternative hypothesis: true probability of success is not equal to 0.5
95 percent confidence interval:
 0.09944375 0.25904819
sample estimates:
probability of success 
             0.1684211 

> 
> pdf('effect plots.pdf', width = 11.2, height = 9, onefile = TRUE)
> # Effect replication and original
> plot(y = MASTER$T_r..R., x = MASTER$T_r..O., xlab = "Effect size r (original)",
+      ylab = "Effect size r (replication)", col = "white")
> points(y = MASTER$T_r..R.[MASTER$T_pval_USE..O. > .05 & MASTER$T_pval_USE..R. > .05],
+        x = MASTER$T_r..O.[MASTER$T_pval_USE..O. > .05 & MASTER$T_pval_USE..R. > .05], pch = 4)
> points(y = MASTER$T_r..R.[MASTER$T_pval_USE..O. <= .05 & MASTER$T_pval_USE..R. > .05],
+        x = MASTER$T_r..O.[MASTER$T_pval_USE..O. <= .05 & MASTER$T_pval_USE..R. > .05], pch = 21)
> points(y = MASTER$T_r..R.[MASTER$T_pval_USE..O. <= .05 & MASTER$T_pval_USE..R. <= .05],
+        x = MASTER$T_r..O.[MASTER$T_pval_USE..O. <= .05 & MASTER$T_pval_USE..R. <= .05], pch = 10)
> lines(x = seq(0, 1, .001), y = seq(0, 1, .001), type = 'l')
> 
> # Regression line
> x1 <- MASTER$T_r..O.[!is.na(MASTER$T_r..O.) & !is.na(MASTER$T_r..R.)]
> y1 <- MASTER$T_r..R.[!is.na(MASTER$T_r..O.) & !is.na(MASTER$T_r..R.)]
> 
> # Linear
> xx <- lm(y1 ~ x1)
> lines(loess.smooth(x = x1, y = y1), lty = 2)
> curve(expr = (xx$coefficients[1] + xx$coefficients[2] * x), from = -10, to = 10, add = TRUE, col = "blue")
> 
> legend(x=.6,y=.0,legend=c('Both nonsignificant',
+                           'Original significant',
+                           'Both significant',
+                           'Repl. predicted by orig.',
+                           'Loess curve'),
+        cex=1,
+        lty=c(0, 0, 0, 1, 2), bty = 'n', pch = c(4, 21, 10, NA, NA),
+        col = c("black", "black", "black", "blue", "black"),box.lwd=0)
> 
> # R2
> xr2 <- x1 * x1
> yr2 <- y1 * y1
> 
> plot(y = yr2, x = xr2, xlab = "Effect size r (original)",
+      ylab = "Effect size r (replication)", col = "white", ylim = c(0,1), xlim = c(0,1))
> points(y = yr2[MASTER$T_pval_USE..O. > .05 & MASTER$T_pval_USE..R. > .05],
+        x = xr2[MASTER$T_pval_USE..O. > .05 & MASTER$T_pval_USE..R. > .05], pch = 4)
> points(y = yr2[MASTER$T_pval_USE..O. <= .05 & MASTER$T_pval_USE..R. > .05],
+        x = xr2[MASTER$T_pval_USE..O. <= .05 & MASTER$T_pval_USE..R. > .05], pch = 21)
> points(y = yr2[MASTER$T_pval_USE..O. <= .05 & MASTER$T_pval_USE..R. <= .05],
+        x = xr2[MASTER$T_pval_USE..O. <= .05 & MASTER$T_pval_USE..R. <= .05], pch = 10)
> lines(x = seq(0, 1, .001), y = seq(0, 1, .001), type = 'l')
> 
> r2 <- lm(yr2 ~ xr2)
> lines(loess.smooth(x = xr2, y = yr2), lty = 2)
> curve(expr = (r2$coefficients[1] + r2$coefficients[2] * x), from = 0, to = 1, add = TRUE, col = "blue")
> 
> legend(x=.6,y=.2,legend=c('Both nonsignificant',
+                           'Original significant',
+                           'Both significant',
+                           'Repl. predicted by orig.',
+                           'Loess curve'),
+        cex=1,
+        lty=c(0, 0, 0, 1, 2), bty = 'n', pch = c(4, 21, 10, NA, NA),
+        col = c("black", "black", "black", "blue", "black"),box.lwd=0)
> # Histogram effects 
> hist1 <- hist(MASTER$T_r..O.[!is.na(MASTER$T_r..O.) & !is.na(MASTER$T_r..R.)], breaks=15)
> hist2 <- hist(MASTER$T_r..R.[!is.na(MASTER$T_r..O.) & !is.na(MASTER$T_r..R.)], breaks=20)
> plot(hist1, xlim = c(-.6, 1.2), ylim = c(0, 50), xlab = "Effect size r",
+      main = "Effect histograms")
> plot(hist2, add = TRUE, col = addTrans("grey",150))
> legend(x = .7, y = 25,
+        leg=c(paste("Original, k = ",
+                    length(MASTER$T_r..O.[!is.na(MASTER$T_r..O.) & !is.na(MASTER$T_r..R.)])),
+              paste("Replication, k = ",
+                    length(MASTER$T_r..R.[!is.na(MASTER$T_r..O.) & !is.na(MASTER$T_r..R.)]))),
+        fill=c("white", "grey"),
+        bty = 'n')
> 
> # CDF effects
> plot(ecdf(MASTER$T_r..O.[!is.na(MASTER$T_r..O.) & !is.na(MASTER$T_r..R.)]),
+      lty=1,
+      frame.plot=F, 
+      main="Cumulative effect distributions",
+      xlim=c(0,1),
+      xaxs="i",
+      yaxs="i",
+      xlab="Correlation coefficient",
+      ylab = "Cumulative density",
+      cex.axis=.6,
+      cex.lab=.7,
+      col = "grey")
> lines(ecdf(MASTER$T_r..R.[!is.na(MASTER$T_r..O.) & !is.na(MASTER$T_r..R.)]))
> legend(x=.6,y=.5,legend=c(paste("Original, k = ",
+                                 length(MASTER$T_r..O.[!is.na(MASTER$T_r..O.) & !is.na(MASTER$T_r..R.)])),
+                           paste("Replication, k = ",
+                                 length(MASTER$T_r..R.[!is.na(MASTER$T_r..O.) & !is.na(MASTER$T_r..R.)]))),
+        cex=1,
+        lty=c(1,1), bty = 'n',
+        col = c("grey","black"),box.lwd=0)
> 
> dev.off()
null device 
          1 
> 
> #----------------------
> 
> # Meta-analysis
> # Written by RCM van Aert
> 
> ##########################################
> ### Create correct order of categories ###
> ##########################################
> 
> ### Create the right order of the variable "Perceived expertise required"
> fac.expe <- factor(MASTER$Methodology.expertise.required..O., levels = c("No expertise required", "Slight expertise required",
+                                                                          "Moderate expertise required", "Strong expertise required", 
+                                                                          "Extreme expertise required"))
> 
> ### Create the right order of the variable "Opportunity for expectancy biases"
> fac.oppo.expe <- factor(MASTER$Opportunity.for.expectancy.bias..O., levels = c("No opportunity for researcher expectations to influence results",
+                                                                                "Slight opportunity for researcher expectations to influence results",
+                                                                                "Moderate opportunity for researcher expectations to influence results",
+                                                                                "Strong opportunity for researcher expectations to influence results",
+                                                                                "Extreme opportunity for researcher expectations to influence results"))
> 
> ### Create the right order of the variable "Opportunity for lack of diligence"
> fac.oppo.dili <- factor(MASTER$Opportunity.for.lack.of.diligence..O., levels = c("No opportunity for lack of diligence to affect the results",
+                                                                                  "Slight opportunity for lack of diligence to affect the results",
+                                                                                  "Moderate opportunity for lack of diligence to affect the results",
+                                                                                  "Strong opportunity for lack of diligence to affect the results",
+                                                                                  "Extreme opportunity for lack of diligence to affect the results"))
> 
> ### Create the right order of the variable "Current position"
> fac.posi <- factor(MASTER$Current.position..R., levels = c("Professor (or equivalent)", "Associate Professor (or equivalent)", "Assistant Professor (or equivalent)",
+                                                            "Post-doc or Research Scientist", "PhD student", "Master's student", "Undergraduate student", 
+                                                            "Faculty (non-tenure track) full-time lecturer", "Private sector researcher"))
> 
> ### Change "Faculty (non-tenure track) full-time lecturer" into "Assistant Professor (or equivalent)"
> tmp <- numeric()
> for(i in 1:length(fac.posi)) {
+   if(is.na(fac.posi[i] == TRUE)) { tmp[i] <- NA }
+   else if(as.character(fac.posi[i]) == "Faculty (non-tenure track) full-time lecturer") { tmp[i] <- "Assistant Professor (or equivalent)"
+   } else if (as.character(fac.posi[i]) == "Private sector researcher") { tmp[i] <- "Post-doc or Research Scientist"
+   } else { tmp[i] <- as.character(fac.posi[i]) }
+ }
> fac.posi <- as.factor(tmp)
> 
> ### Create the right order of the variable "Degree"
> fac.degr <- factor(MASTER$Degree..R., levels = c("PhD or equivalent", "Master's degree or equivalent", "Some graduate school", "Bachelor's degree or equivalent", "some college/university",
+                                                  "high school/equivalent"))
> 
> ### Create the right order of the variable "Domain expertise"
> fac.doma <- factor(MASTER$Domain.expertise..R., levels = c("No Expertise", "Slight Expertise", "Some Expertise", "Moderate Expertise", "High Expertise"))
> 
> ### Create the right order of the variable "Method expertise"
> fac.meth <- factor(MASTER$Method.expertise..R., levels = c("No Expertise", "Slight Expertise", "Some Expertise", "Moderate Expertise", "High Expertise"))
> 
> ### Create the right order of the variable "Implementation quality"
> fac.impl <- factor(MASTER$Implementation.quality..R., levels = c("was of much higher quality than the original study", "was of moderately higher quality than the original study",
+                                                                  "was of slightly higher quality than the original study", "was about the same quality as the original study", 
+                                                                  "was of slightly lower quality than the original study", "was of moderately lower quality than the original study"))
> 
> ### Create the right order of the variable "Data collection quality"
> fac.data <- factor(MASTER$Data.collection.quality..R., levels = c("was much better than the average study", "was better than the average study", "was slightly better than the average study",
+                                                                   "was about the same as the average study", "was slightly worse than the average study", "was worse than the average study",
+                                                                   "was much worse than the average study"))
> 
> ### Create the right order of the variable "Replication similarity"
> fac.repl <- factor(MASTER$Replication.similarity..R., levels = c("Not at all similar", "Slightly similar", "Somewhat similar", "Moderately similar", "Very similar", "Extremely similar",
+                                                                  "Virtually identical"))
> 
> ### Create the right order of the variable "Difficulty of implementation"
> fac.diff <- factor(MASTER$Difficulty.of.implimentation..R., levels = c("Extremely challenging", "Very challenging", "Moderately challenging", "Somewhat challenging", "Slightly challenging",
+                                                                        "Not at all challenging"))
> 
> ###########################################
> ### Prepare variables for meta-analyses ###
> ###########################################
> 
> ### Function for standardizing variables
> stand <- function(x, max, min, option) {
+   
+   if(option == 1) {
+     res <- (x-mean(x, na.rm = TRUE))/sd(x, na.rm = TRUE)
+   }
+   
+   if(option == 2) {
+     res <- (x - min)/(max-min)
+   }
+   
+   return(res)
+ }
> 
> ### OPTION 1 FOR STANDARDIZING ###
> option <- 1
> 
> # a. PUBLISHING JOURNAL AND SUBDISCIPLINE
> 
> ### Create dummy variables for "Publishing journal and subdiscipline"
> ### JPSP is reference category because it has the most cases
> d.JEP <- ifelse(jour == 1, 1, 0)
> d.PSCog <- ifelse(jour == 3, 1, 0)
> d.PSSoc <- ifelse(jour == 4, 1, 0)
> d.PSOth <- ifelse(jour == 5, 1, 0)
> 
> # b. IMPORTANCE OF THE EFFECT
> 
> ### Standardizing "Citation count, paper (O)"
> st.impa <- stand(MASTER$Citation.count..paper..O., option = option)
> 
> ### Standardizing "Exciting/important effect"
> st.exci <- stand(as.numeric(levels(MASTER$Exciting.result..O.))[MASTER$Exciting.result..O.], option = option)
Warning message:
In stand(as.numeric(levels(MASTER$Exciting.result..O.))[MASTER$Exciting.result..O.],  :
  NAs introduced by coercion
> 
> ### Creating scale
> sc.impo <- (st.impa + st.exci)/2
> 
> # c. SURPRISING EFFECT
> 
> ### Standardizing "Surprising effect" and creating scale
> sc.surp <- stand(as.numeric(levels(MASTER$Surprising.result..O.))[MASTER$Surprising.result..O.], option = option)
Warning message:
In stand(as.numeric(levels(MASTER$Surprising.result..O.))[MASTER$Surprising.result..O.],  :
  NAs introduced by coercion
> 
> # d. EXPERIENCE AND EXPERTISE OF ORIGINAL TEAM
> 
> ### Taking the average and then standardizing "Institution prestige of 1st author and senior author" 
> ave.pres <- (MASTER$Institution.prestige..1st.author..O.+MASTER$Institution.prestige..senior.author..O.)/2
> st.pres <- stand(ave.pres, option = option)
> 
> ### Standardizing "Citation Count, 1st author (O)"
> st.impa.1st <- stand(MASTER$Citation.Count..1st.author..O., option = option)
> 
> ### Standardizing "Citation count, senior author (O)"
> st.impa.sen <- stand(MASTER$Citation.count..senior.author..O., option = option)
> 
> ### Creating scale
> sc.expe1 <- (st.pres + st.impa.1st + st.impa.sen)/3
> 
> # e. CHALLENGE OF CONDUCTING REPLICATION
> 
> ### Standardizing "Perceived expertise required"
> st.expe <- stand(as.numeric(fac.expe), option = option)
> 
> ### Standardizing "Perceived opportunity for expectancy biases"
> st.oppo.expe <- stand(as.numeric(fac.oppo.expe), option = option)
> 
> ### Standardizing "Perceived opportunity for impact of lack of diligence"
> st.oppo.dili <- stand(as.numeric(fac.oppo.dili), option = option)
> 
> ### Create scale
> sc.chal <- (st.expe + st.oppo.expe + st.oppo.dili)/3
> 
> # f. EXPERIENCE AND EXPERTISE OF REPLICATION TEAM
> 
> ### Standardizing "Position of senior member of replication team"
> st.posi <- stand(as.numeric(fac.posi), option = option)
> 
> ### Standardizing "Highest degree of replication team's senior member"
> st.degr <- stand(as.numeric(fac.degr), option = option)
> 
> ### Standardizing "Replication team domain expertise"
> st.doma <- stand(as.numeric(fac.doma), option = option)
> 
> ### Standardizing "Replication team method expertise"
> st.meth <- stand(as.numeric(fac.meth), option = option)
> 
> ### Standardizing "Replication team senior member's total publications"
> st.publ <- stand(MASTER$Total.publications..R., option = option)
> 
> ### Standardizing "Replication team senior member's total publications and total number of peer-reviewed articles"
> st.peer <- stand(MASTER$Peer.reviewed.articles..R., option = option)
> 
> ### Standardizing "Replication team senior member's total citations"
> st.cita <- stand(MASTER$Citations..R., option = option)
> 
> ### Create scale
> sc.expe2 <- (st.posi + st.degr + st.doma + st.meth + st.publ + st.cita)/6
> 
> # g. SELF-ASSESSED QUALITY OF REPLICATION
> 
> ### Standardizing "Self-assessed quality of replication"
> st.impl <- stand(as.numeric(fac.impl), option = option)
> 
> ### Standardizing "Self-assessed data collection quality of replication"
> st.data <- stand(as.numeric(fac.data), option = option)
> 
> ### Standardizing "Self-assessed replication similarity to original"
> st.repl <- stand(as.numeric(fac.repl), option = option)
> 
> ### Standardizing "Self-assessed difficulty of implementation"
> st.diff <- stand(as.numeric(fac.diff), option = option)
> 
> ### Create a scale
> sc.self <- (st.impl + st.data + st.repl + st.diff)/4
> 
> ###########################################
> ### Transforming correlations to Fisher ###
> ###########################################
> 
> ri.o <- MASTER$T_r..O.
> ri.r <- MASTER$T_r..R.
> N.o <- MASTER$T_df2..O.+2
> N.r <- MASTER$T_df2..R.+2
> 
> ### Transform to Fisher's z
> fis.o <- 0.5*log((1 + ri.o) / (1 - ri.o)) 
Warning message:
In log((1 + ri.o)/(1 - ri.o)) : NaNs produced
> fis.r <- 0.5*log((1 + ri.r) / (1 - ri.r))
> 
> ### Difference in Fisher's z scores
> yi <- numeric()
> for(i in 1:length(fis.o)) {
+   
+   if(is.na(fis.o[i]) == TRUE | is.na(fis.r[i]) == TRUE) { yi[i] <- NA }
+   else if(fis.o[i] < 0 & fis.r[i] < 0) { yi[i] <- fis.o[i]*-1-fis.r[i]*-1 } 
+   else if(fis.o[i] < 0 & fis.r[i] > 0) { yi[i] <- fis.o[i]*-1+fis.r[i] }
+   else {  yi[i] <- fis.o[i]-fis.r[i] }
+   
+ }
> 
> ### Standard errors original and replication study
> sei.o <- sqrt(1/(N.o-3))
> sei.r <- sqrt(1/(N.r-3))
> 
> ### p-values original and replication study
> pval.o <- pnorm(fis.o, sd = sei.o, lower.tail = FALSE)
> pval.r <- pnorm(fis.r, sd = sei.r, lower.tail = FALSE)
> 
> ### Standard error of difference score
> sei <- sqrt(1/(N.o-3) + 1/(N.r-3))
> 
> #######################################
> ### Select studies for the analyses ###
> #######################################
> 
> df <- data.frame(ID = MASTER$ID, stat = as.character(MASTER$T_Test.Statistic..O.), df1 = MASTER$T_df1..O., yi, sei, fis.o, sei.o, N.o, pval.o, fis.r, sei.r, N.r, pval.r, 
+                  d.JEP, d.PSCog, d.PSSoc, d.PSOth, sc.impo, sc.surp, sc.expe1, sc.chal, sc.expe2, sc.self, power.r = as.numeric(levels(MASTER$Power..R.))[MASTER$Power..R.])
Warning message:
In data.frame(ID = MASTER$ID, stat = as.character(MASTER$T_Test.Statistic..O.),  :
  NAs introduced by coercion
> df[149, ] <- NA ### Remove duplicate
> 
> ### Select: F(df1 = 1, df2), t, and r
> sub <- subset(df, (df$stat == "F" & df$df1 == 1) | df$stat == "t" | df$stat == "r")
> 
> ### Remove rows when NA on yi
> final <- sub[!is.na(sub$yi) & !is.na(sub$sei), ]
> 
> ####################
> ### Tables Brian ###
> ####################
> 
> ### Load metafor package
> library(metafor)
Loading 'metafor' package (version 1.9-5). For an overview 
and introduction to the package please type: help(metafor).
> 
> ### Meta-analytic mean and sd of the estimate combining per pair the original study and replication 
> est <- pval <- numeric()
> 
> for(i in 1:length(final$fis.o)) {
+   tmp <- rma(yi = c(final$fis.o[i], final$fis.r[i]), sei = c(final$sei.o[i], final$sei.r[i]), method = "FE")
+   est[i] <- tmp$b[1]
+   if (tmp$pval < 0.05) { pval[i] <- TRUE
+   } else { pval[i] <- FALSE }
+ }
> 
> ### Transforming Fisher z values into raw correlations
> cor <- (exp(2*est)-1)/(exp(2*est)+1)
> 
> mean(cor)
[1] 0.3147714
> sd(cor)
[1] 0.2220229
> sum(pval)/length(pval) # Proportion of statistically significant studies
[1] 0.7246377
> 
> ### Per discipline
> mean(cor[final$d.JEP == 0 & final$d.PSSoc == 0 & final$d.PSCog == 0 & final$d.PSOth == 0])
[1] 0.1365969
> mean(cor[final$d.JEP == 1])
[1] 0.3981203
> mean(cor[final$d.PSSoc == 1])
[1] 0.3009298
> mean(cor[final$d.PSCog == 1])
[1] 0.4823046
> mean(cor[final$d.PSOth == 1])
[1] 0.4287256
> 
> sd(cor[final$d.JEP == 0 & final$d.PSSoc == 0 & final$d.PSCog == 0 & final$d.PSOth == 0])
[1] 0.07324937
> sd(cor[final$d.JEP == 1])
[1] 0.2126138
> sd(cor[final$d.PSSoc == 1])
[1] 0.2280135
> sd(cor[final$d.PSCog == 1])
[1] 0.2111774
> sd(cor[final$d.PSOth == 1])
[1] 0.235538
> 
> sum(pval[final$d.JEP == 0 & final$d.PSSoc == 0 & final$d.PSCog == 0 & final$d.PSOth == 0])/length(pval[final$d.JEP == 0 
+                                                                                                        & final$d.PSSoc == 0 & final$d.PSCog == 0 & final$d.PSOth == 0])
[1] 0.4736842
> sum(pval[final$d.JEP == 1])/length(pval[final$d.JEP == 1])
[1] 0.8571429
> sum(pval[final$d.PSSoc == 1])/length(pval[final$d.PSSoc == 1])
[1] 0.6875
> sum(pval[final$d.PSCog == 1])/length(pval[final$d.PSCog == 1])
[1] 1
> sum(pval[final$d.PSOth == 1])/length(pval[final$d.PSOth == 1])
[1] 0.8333333
> 
> ### Subset of data with all cases which were replicated
> tmp <- subset(df, is.na(df$fis.r) == FALSE)
> summary(tmp$N.o)
    Min.  1st Qu.   Median     Mean  3rd Qu.     Max.     NA's 
     9.0     30.5     57.0   2729.0     96.0 230000.0        6 
> summary(tmp$N.r)
    Min.  1st Qu.   Median     Mean  3rd Qu.     Max.     NA's 
     9.0     34.2     71.0   5448.0    146.2 455300.0        7 
> mean(tmp$power.r, na.rm = TRUE)
[1] 0.9187912
> 
> ### Subset of data with all cases published in JPSP
> tmp.JPSP <- subset(tmp, tmp$d.JEP == 0 & tmp$d.PSSoc == 0 & tmp$d.PSCog == 0 & tmp$d.PSOth == 0)
> summary(tmp.JPSP$N.o)
     Min.   1st Qu.    Median      Mean   3rd Qu.      Max.      NA's 
    28.00     53.75     81.00   8940.00    107.80 230000.00         3 
> summary(tmp.JPSP$N.r)
   Min. 1st Qu.  Median    Mean 3rd Qu.    Max.    NA's 
     28      70     123   17680     190  455300       3 
> mean(tmp.JPSP$power.r, na.rm = TRUE)
[1] 0.8986207
> 
> ### Subset of data with all cases published in JEP
> tmp.JEP <- subset(tmp, tmp$d.JEP == 1)
> summary(tmp.JEP$N.o)
   Min. 1st Qu.  Median    Mean 3rd Qu.    Max.    NA's 
   9.00   25.00   33.00   58.84   95.00  192.00       1 
> summary(tmp.JEP$N.r)
   Min. 1st Qu.  Median    Mean 3rd Qu.    Max.    NA's 
  16.00   30.00   41.00   72.22   92.00  270.00       1 
> mean(tmp.JEP$power.r, na.rm = TRUE)
[1] 0.9326923
> 
> ### Subset of data with all cases published in PSSoc
> tmp.PSSoc <- subset(tmp, tmp$d.PSSoc == 1)
> summary(tmp.PSSoc$N.o)
   Min. 1st Qu.  Median    Mean 3rd Qu.    Max.    NA's 
   13.0    36.0    78.0   109.2   117.0   564.0       2 
> summary(tmp.PSSoc$N.r)
   Min. 1st Qu.  Median    Mean 3rd Qu.    Max.    NA's 
   32.0    64.0   125.0   287.2   164.0  3513.0       3 
> mean(tmp.PSSoc$power.r, na.rm = TRUE)
[1] 0.9121739
> 
> ### Subset of data with all cases published in PSCog
> tmp.PSCog <- subset(tmp, tmp$d.PSCog == 1)
> summary(tmp.PSCog$N.o)
   Min. 1st Qu.  Median    Mean 3rd Qu.    Max. 
      9      11      19     109      57     662 
> summary(tmp.PSCog$N.r)
   Min. 1st Qu.  Median    Mean 3rd Qu.    Max. 
      9      18      23     116     118     662 
> mean(tmp.PSCog$power.r, na.rm = TRUE)
[1] 0.9722222
> 
> ### Subset of data with all cases published in PSOth
> tmp.PSOth <- subset(tmp, tmp$d.PSOth == 1)
> summary(tmp.PSOth$N.o)
   Min. 1st Qu.  Median    Mean 3rd Qu.    Max. 
  11.00   20.25   34.50   35.33   43.50   70.00 
> summary(tmp.PSOth$N.r)
   Min. 1st Qu.  Median    Mean 3rd Qu.    Max. 
  10.00   11.50   14.50   23.83   38.50   47.00 
> mean(tmp.PSOth$power.r, na.rm = TRUE)
[1] 0.8925
> 
> ### How often is original study within CI of replication
> ### Create confidence interval for replications
> ci.lb <- final$fis.r-qnorm(.975)*final$sei.r
> ci.ub <- final$fis.r+qnorm(.975)*final$sei.r
> 
> in.ci <- numeric()
> 
> for(i in 1:length(final$fis.r)) {
+   
+   if (final$fis.o[i] > ci.lb[i] & final$fis.o[i] < ci.ub[i]) {
+     in.ci[i] <- TRUE
+   } else { in.ci[i] <- FALSE }
+   
+ }
> 
> sum(in.ci)/length(in.ci) # Proportion of times the original study is within the CI of the replication
[1] 0.4202899
> 
> ### Per discipline
> sum(in.ci[final$d.JEP == 0 & final$d.PSSoc == 0 & final$d.PSCog == 0 & final$d.PSOth == 0])/length(in.ci[final$d.JEP == 0 
+                                                                                                          & final$d.PSSoc == 0 & final$d.PSCog == 0 & final$d.PSOth == 0])
[1] 0.1578947
> sum(in.ci[final$d.JEP == 1])/length(in.ci[final$d.JEP == 1])
[1] 0.6190476
> sum(in.ci[final$d.PSSoc == 1])/length(in.ci[final$d.PSSoc == 1])
[1] 0.3125
> sum(in.ci[final$d.PSCog == 1])/length(in.ci[final$d.PSCog == 1])
[1] 0.5714286
> sum(in.ci[final$d.PSOth == 1])/length(in.ci[final$d.PSOth == 1])
[1] 0.6666667
> 
> ### Predicting how often effect size of original study is within CI of replication
> overlap <- numeric()
> points <- 1000000
> p <- 1:points/(points+1)
> 
> for (i in 1:length(final$N.r)) {
+   zu <- qnorm(p,0,1/sqrt(final$N.r[i]-3)) + qnorm(.975)/sqrt(final$N.r[i]-3)
+   zl <- zu - 2*qnorm(.975)/sqrt(final$N.r[i]-3)
+   overlap[i] <- mean(pnorm(zu,0,1/sqrt(final$N.o[i]-3))) - mean(pnorm(zl,0,1/sqrt(final$N.o[i]-3)))
+ }
> overlap
 [1] 0.7230489 0.8342246 0.8033464 0.7929864 0.7818304 0.7976371 0.9344699 0.8303252 0.7941837 0.6996958 0.8787363 0.8208099 0.9130317 0.8365067 0.7193794
[16] 0.6749298 0.7292801 0.8312130 0.8342246 0.8342246 0.7758322 0.6949578 0.7344564 0.7000259 0.8508379 0.7121914 0.9050646 0.7820982 0.7385099 0.7306008
[31] 0.6582552 0.7484706 0.8942939 0.8383796 0.7823072 0.8427805 0.8342246 0.8540522 0.7179258 0.3265906 0.8005429 0.7529083 0.8894029 0.7320969 0.8342246
[46] 0.7928042 0.8342246 0.9224120 0.8551690 0.7916176 0.7914959 0.7051984 0.7397986 0.7038225 0.7726095 0.7387346 0.5331224 0.7392696 0.8944217 0.8593898
[61] 0.8002104 0.7926131 0.6684134 0.8342246 0.9271337 0.7960785 0.7061323 0.8342246 0.8086667
> mean(overlap)
[1] 0.7831435
> 
> #################################################################################
> ### Meta-analyses based on differences between original study and replication ###
> #################################################################################
> 
> ### Meta-analysis of null model
> res <- rma(yi = final$yi, sei = final$sei, method = "REML")
> res

Random-Effects Model (k = 69; tau^2 estimator: REML)

tau^2 (estimated amount of total heterogeneity): 0.0207 (SE = 0.0086)
tau (square root of estimated tau^2 value):      0.1440
I^2 (total heterogeneity / total variability):   45.94%
H^2 (total variability / sampling variability):  1.85

Test for Heterogeneity: 
Q(df = 68) = 136.1423, p-val < .0001

Model Results:

estimate       se     zval     pval    ci.lb    ci.ub          
  0.1981   0.0286   6.9269   <.0001   0.1421   0.2542      *** 

---
Signif. codes:  0 ‘***’ 0.001 ‘**’ 0.01 ‘*’ 0.05 ‘.’ 0.1 ‘ ’ 1 

> # png("C:/Users/S787802/Desktop/Funnel RPP.png", width = 900, height = 900, res = 200, pointsize = 5)
> funnel(res, main = "Funnel plot based on difference original and replication study")
> # dev.off()
> 
> ### Meta-analysis with a. PUBLISHING JOURNAL AND SUBDISCIPLINE as moderator (JPSP is reference category)
> rma(yi = final$yi, sei = final$sei, mods = ~ final$d.JEP + final$d.PSCog + final$d.PSSoc + final$d.PSOth, method = "REML")

Mixed-Effects Model (k = 69; tau^2 estimator: REML)

tau^2 (estimated amount of residual heterogeneity):     0.0181 (SE = 0.0083)
tau (square root of estimated tau^2 value):             0.1344
I^2 (residual heterogeneity / unaccounted variability): 41.30%
H^2 (unaccounted variability / sampling variability):   1.70
R^2 (amount of heterogeneity accounted for):            12.79%

Test for Residual Heterogeneity: 
QE(df = 64) = 111.2240, p-val = 0.0002

Test of Moderators (coefficient(s) 2,3,4,5): 
QM(df = 4) = 5.3652, p-val = 0.2518

Model Results:

               estimate      se     zval    pval    ci.lb   ci.ub     
intrcpt          0.2516  0.0459   5.4812  <.0001   0.1616  0.3416  ***
final$d.JEP     -0.0539  0.0733  -0.7362  0.4616  -0.1975  0.0897     
final$d.PSCog   -0.1368  0.1173  -1.1667  0.2433  -0.3667  0.0930     
final$d.PSSoc   -0.1288  0.0687  -1.8740  0.0609  -0.2635  0.0059    .
final$d.PSOth    0.1005  0.1453   0.6920  0.4890  -0.1842  0.3852     

---
Signif. codes:  0 ‘***’ 0.001 ‘**’ 0.01 ‘*’ 0.05 ‘.’ 0.1 ‘ ’ 1 

> 
> ### Meta-analysis with sei.o as moderator
> rma(yi = final$yi, sei = final$sei, mods = ~ final$sei.o, method = "REML")

Mixed-Effects Model (k = 69; tau^2 estimator: REML)

tau^2 (estimated amount of residual heterogeneity):     0.0180 (SE = 0.0080)
tau (square root of estimated tau^2 value):             0.1341
I^2 (residual heterogeneity / unaccounted variability): 41.77%
H^2 (unaccounted variability / sampling variability):   1.72
R^2 (amount of heterogeneity accounted for):            13.23%

Test for Residual Heterogeneity: 
QE(df = 67) = 117.2701, p-val = 0.0001

Test of Moderators (coefficient(s) 2): 
QM(df = 1) = 3.2255, p-val = 0.0725

Model Results:

             estimate      se    zval    pval    ci.lb   ci.ub   
intrcpt        0.0932  0.0636  1.4663  0.1426  -0.0314  0.2179   
final$sei.o    0.8196  0.4564  1.7960  0.0725  -0.0748  1.7141  .

---
Signif. codes:  0 ‘***’ 0.001 ‘**’ 0.01 ‘*’ 0.05 ‘.’ 0.1 ‘ ’ 1 

> 
> ### Meta-analysis with a. PUBLISHING JOURNAL AND SUBDISCIPLINE and sei.o as moderators (JPSP is reference category)
> rma(yi = final$yi, sei = final$sei, mods = ~ final$d.JEP + final$d.PSCog + final$d.PSSoc + final$d.PSOth + final$sei.o, method = "REML")

Mixed-Effects Model (k = 69; tau^2 estimator: REML)

tau^2 (estimated amount of residual heterogeneity):     0.0153 (SE = 0.0077)
tau (square root of estimated tau^2 value):             0.1235
I^2 (residual heterogeneity / unaccounted variability): 36.87%
H^2 (unaccounted variability / sampling variability):   1.58
R^2 (amount of heterogeneity accounted for):            26.41%

Test for Residual Heterogeneity: 
QE(df = 63) = 99.1867, p-val = 0.0025

Test of Moderators (coefficient(s) 2,3,4,5,6): 
QM(df = 5) = 9.7830, p-val = 0.0816

Model Results:

               estimate      se     zval    pval    ci.lb    ci.ub   
intrcpt          0.1485  0.0682   2.1774  0.0294   0.0148   0.2823  *
final$d.JEP     -0.0935  0.0736  -1.2703  0.2040  -0.2378   0.0508   
final$d.PSCog   -0.1926  0.1168  -1.6493  0.0991  -0.4215   0.0363  .
final$d.PSSoc   -0.1307  0.0659  -1.9838  0.0473  -0.2599  -0.0016  *
final$d.PSOth    0.0340  0.1470   0.2310  0.8173  -0.2542   0.3222   
final$sei.o      0.9434  0.4835   1.9511  0.0510  -0.0043   1.8911  .

---
Signif. codes:  0 ‘***’ 0.001 ‘**’ 0.01 ‘*’ 0.05 ‘.’ 0.1 ‘ ’ 1 

> 
> ### Meta-analysis with b. IMPORTANCE OF THE EFFECT as moderator
> rma(yi = final$yi, sei = final$sei, mods = ~ final$sc.impo, method = "REML")

Mixed-Effects Model (k = 69; tau^2 estimator: REML)

tau^2 (estimated amount of residual heterogeneity):     0.0213 (SE = 0.0088)
tau (square root of estimated tau^2 value):             0.1461
I^2 (residual heterogeneity / unaccounted variability): 46.13%
H^2 (unaccounted variability / sampling variability):   1.86
R^2 (amount of heterogeneity accounted for):            0.00%

Test for Residual Heterogeneity: 
QE(df = 67) = 134.0700, p-val < .0001

Test of Moderators (coefficient(s) 2): 
QM(df = 1) = 0.0060, p-val = 0.9383

Model Results:

               estimate      se     zval    pval    ci.lb   ci.ub     
intrcpt          0.1988  0.0290   6.8558  <.0001   0.1420  0.2557  ***
final$sc.impo   -0.0027  0.0354  -0.0774  0.9383  -0.0722  0.0667     

---
Signif. codes:  0 ‘***’ 0.001 ‘**’ 0.01 ‘*’ 0.05 ‘.’ 0.1 ‘ ’ 1 

> 
> ### Meta-analysis with c. SURPRISING EFFECT as moderator
> rma(yi = final$yi, sei = final$sei, mods = ~ final$sc.surp, method = "REML")

Mixed-Effects Model (k = 69; tau^2 estimator: REML)

tau^2 (estimated amount of residual heterogeneity):     0.0214 (SE = 0.0088)
tau (square root of estimated tau^2 value):             0.1461
I^2 (residual heterogeneity / unaccounted variability): 46.47%
H^2 (unaccounted variability / sampling variability):   1.87
R^2 (amount of heterogeneity accounted for):            0.00%

Test for Residual Heterogeneity: 
QE(df = 67) = 136.0911, p-val < .0001

Test of Moderators (coefficient(s) 2): 
QM(df = 1) = 0.0988, p-val = 0.7533

Model Results:

               estimate      se    zval    pval    ci.lb   ci.ub     
intrcpt          0.1982  0.0288  6.8740  <.0001   0.1417  0.2547  ***
final$sc.surp    0.0085  0.0270  0.3143  0.7533  -0.0445  0.0614     

---
Signif. codes:  0 ‘***’ 0.001 ‘**’ 0.01 ‘*’ 0.05 ‘.’ 0.1 ‘ ’ 1 

> 
> ### Meta-analysis with d. EXPERIENCE AND EXPERTISE OF ORIGINAL TEAM as moderator
> rma(yi = final$yi, sei = final$sei, mods = ~ final$sc.expe1, method = "REML")

Mixed-Effects Model (k = 69; tau^2 estimator: REML)

tau^2 (estimated amount of residual heterogeneity):     0.0215 (SE = 0.0089)
tau (square root of estimated tau^2 value):             0.1467
I^2 (residual heterogeneity / unaccounted variability): 46.39%
H^2 (unaccounted variability / sampling variability):   1.87
R^2 (amount of heterogeneity accounted for):            0.00%

Test for Residual Heterogeneity: 
QE(df = 67) = 136.1413, p-val < .0001

Test of Moderators (coefficient(s) 2): 
QM(df = 1) = 0.0631, p-val = 0.8017

Model Results:

                estimate      se     zval    pval    ci.lb   ci.ub     
intrcpt           0.1989  0.0289   6.8882  <.0001   0.1423  0.2555  ***
final$sc.expe1   -0.0097  0.0387  -0.2512  0.8017  -0.0855  0.0661     

---
Signif. codes:  0 ‘***’ 0.001 ‘**’ 0.01 ‘*’ 0.05 ‘.’ 0.1 ‘ ’ 1 

> 
> ### Meta-analysis with e. CHALLENGE OF CONDUCTING REPLICATION as moderator
> rma(yi = final$yi, sei = final$sei, mods = ~ final$sc.chal, method = "REML")

Mixed-Effects Model (k = 69; tau^2 estimator: REML)

tau^2 (estimated amount of residual heterogeneity):     0.0212 (SE = 0.0088)
tau (square root of estimated tau^2 value):             0.1457
I^2 (residual heterogeneity / unaccounted variability): 46.36%
H^2 (unaccounted variability / sampling variability):   1.86
R^2 (amount of heterogeneity accounted for):            0.00%

Test for Residual Heterogeneity: 
QE(df = 67) = 136.0520, p-val < .0001

Test of Moderators (coefficient(s) 2): 
QM(df = 1) = 0.3443, p-val = 0.5574

Model Results:

               estimate      se    zval    pval    ci.lb   ci.ub     
intrcpt          0.1982  0.0288  6.8878  <.0001   0.1418  0.2546  ***
final$sc.chal    0.0197  0.0336  0.5868  0.5574  -0.0461  0.0856     

---
Signif. codes:  0 ‘***’ 0.001 ‘**’ 0.01 ‘*’ 0.05 ‘.’ 0.1 ‘ ’ 1 

> 
> ### Meta-analysis with f. EXPERIENCE AND EXPERTISE OF REPLICATION TEAM
> rma(yi = final$yi, sei = final$sei, mods = ~ final$sc.expe2, method = "REML")

Mixed-Effects Model (k = 69; tau^2 estimator: REML)

tau^2 (estimated amount of residual heterogeneity):     0.0158 (SE = 0.0075)
tau (square root of estimated tau^2 value):             0.1257
I^2 (residual heterogeneity / unaccounted variability): 38.99%
H^2 (unaccounted variability / sampling variability):   1.64
R^2 (amount of heterogeneity accounted for):            23.82%

Test for Residual Heterogeneity: 
QE(df = 67) = 113.1301, p-val = 0.0004

Test of Moderators (coefficient(s) 2): 
QM(df = 1) = 9.0894, p-val = 0.0026

Model Results:

                estimate      se    zval    pval   ci.lb   ci.ub     
intrcpt           0.1924  0.0269  7.1491  <.0001  0.1396  0.2451  ***
final$sc.expe2    0.1491  0.0495  3.0149  0.0026  0.0522  0.2461   **

---
Signif. codes:  0 ‘***’ 0.001 ‘**’ 0.01 ‘*’ 0.05 ‘.’ 0.1 ‘ ’ 1 

> 
> ### Meta-analysis with g. SELF-ASSESSED QUALITY OF REPLICATION
> rma(yi = final$yi, sei = final$sei, mods = ~ final$sc.self, method = "REML")

Mixed-Effects Model (k = 69; tau^2 estimator: REML)

tau^2 (estimated amount of residual heterogeneity):     0.0205 (SE = 0.0086)
tau (square root of estimated tau^2 value):             0.1430
I^2 (residual heterogeneity / unaccounted variability): 45.27%
H^2 (unaccounted variability / sampling variability):   1.83
R^2 (amount of heterogeneity accounted for):            1.30%

Test for Residual Heterogeneity: 
QE(df = 67) = 129.7575, p-val < .0001

Test of Moderators (coefficient(s) 2): 
QM(df = 1) = 0.4891, p-val = 0.4843

Model Results:

               estimate      se     zval    pval    ci.lb   ci.ub     
intrcpt          0.1989  0.0285   6.9671  <.0001   0.1429  0.2549  ***
final$sc.self   -0.0397  0.0568  -0.6994  0.4843  -0.1511  0.0716     

---
Signif. codes:  0 ‘***’ 0.001 ‘**’ 0.01 ‘*’ 0.05 ‘.’ 0.1 ‘ ’ 1 

> 
> ####################################################
> ### Meta-analyses based on only original studies ###
> ####################################################
> 
> ### Meta-analysis of null model
> res <- rma(yi = final$fis.o, sei = final$sei.o, method = "REML")
> res

Random-Effects Model (k = 69; tau^2 estimator: REML)

tau^2 (estimated amount of total heterogeneity): 0.0362 (SE = 0.0097)
tau (square root of estimated tau^2 value):      0.1902
I^2 (total heterogeneity / total variability):   73.07%
H^2 (total variability / sampling variability):  3.71

Test for Heterogeneity: 
Q(df = 68) = 288.5600, p-val < .0001

Model Results:

estimate       se     zval     pval    ci.lb    ci.ub          
  0.4205   0.0294  14.3132   <.0001   0.3629   0.4781      *** 

---
Signif. codes:  0 ‘***’ 0.001 ‘**’ 0.01 ‘*’ 0.05 ‘.’ 0.1 ‘ ’ 1 

> # png("C:/Users/S787802/Desktop/Funnel original RPP.png", width = 900, height = 900, res = 200, pointsize = 5)
> funnel(res, main = "Funnel plot based on original studies")
> # dev.off()
> 
> ### Meta-analysis with se in original study as moderator
> rma(yi = final$fis.o, sei = final$sei.o, mods = ~ final$sei.o, method = "REML")

Mixed-Effects Model (k = 69; tau^2 estimator: REML)

tau^2 (estimated amount of residual heterogeneity):     0.0243 (SE = 0.0074)
tau (square root of estimated tau^2 value):             0.1558
I^2 (residual heterogeneity / unaccounted variability): 64.28%
H^2 (unaccounted variability / sampling variability):   2.80
R^2 (amount of heterogeneity accounted for):            32.90%

Test for Residual Heterogeneity: 
QE(df = 67) = 201.9035, p-val < .0001

Test of Moderators (coefficient(s) 2): 
QM(df = 1) = 28.3745, p-val < .0001

Model Results:

             estimate      se    zval    pval   ci.lb   ci.ub     
intrcpt        0.1223  0.0600  2.0383  0.0415  0.0047  0.2399    *
final$sei.o    2.1614  0.4058  5.3268  <.0001  1.3661  2.9567  ***

---
Signif. codes:  0 ‘***’ 0.001 ‘**’ 0.01 ‘*’ 0.05 ‘.’ 0.1 ‘ ’ 1 

> 
> ### Meta-analysis with se in original study as moderator with "ML" as estimator for tau2 (model comparison)
> res0 <- rma(yi = final$fis.o, sei = final$sei.o, mods = ~ final$sei.o, method = "ML")
> res0

Mixed-Effects Model (k = 69; tau^2 estimator: ML)

tau^2 (estimated amount of residual heterogeneity):     0.0234 (SE = 0.0071)
tau (square root of estimated tau^2 value):             0.1528
I^2 (residual heterogeneity / unaccounted variability): 63.39%
H^2 (unaccounted variability / sampling variability):   2.73
R^2 (amount of heterogeneity accounted for):            34.00%

Test for Residual Heterogeneity: 
QE(df = 67) = 201.9035, p-val < .0001

Test of Moderators (coefficient(s) 2): 
QM(df = 1) = 28.8566, p-val < .0001

Model Results:

             estimate      se    zval    pval   ci.lb   ci.ub     
intrcpt        0.1223  0.0593  2.0624  0.0392  0.0061  0.2385    *
final$sei.o    2.1614  0.4024  5.3718  <.0001  1.3728  2.9501  ***

---
Signif. codes:  0 ‘***’ 0.001 ‘**’ 0.01 ‘*’ 0.05 ‘.’ 0.1 ‘ ’ 1 

> 
> ### Meta-analysis with se in original study and dummy variables for journal and discipline (JPSP is reference category)
> rma(yi = final$fis.o, sei = final$sei.o, mods = ~ final$sei.o + final$d.JEP + final$d.PSCog + final$d.PSSoc + final$d.PSOth, method = "REML")

Mixed-Effects Model (k = 69; tau^2 estimator: REML)

tau^2 (estimated amount of residual heterogeneity):     0.0239 (SE = 0.0076)
tau (square root of estimated tau^2 value):             0.1546
I^2 (residual heterogeneity / unaccounted variability): 62.94%
H^2 (unaccounted variability / sampling variability):   2.70
R^2 (amount of heterogeneity accounted for):            33.90%

Test for Residual Heterogeneity: 
QE(df = 63) = 193.2785, p-val < .0001

Test of Moderators (coefficient(s) 2,3,4,5,6): 
QM(df = 5) = 33.2348, p-val < .0001

Model Results:

               estimate      se    zval    pval    ci.lb   ci.ub     
intrcpt          0.0707  0.0665  1.0637  0.2875  -0.0596  0.2010     
final$sei.o      1.9497  0.4431  4.3996  <.0001   1.0811  2.8182  ***
final$d.JEP      0.1313  0.0697  1.8841  0.0596  -0.0053  0.2680    .
final$d.PSCog    0.0899  0.1126  0.7987  0.4245  -0.1308  0.3106     
final$d.PSSoc    0.1161  0.0669  1.7360  0.0826  -0.0150  0.2471    .
final$d.PSOth    0.1172  0.1139  1.0296  0.3032  -0.1060  0.3404     

---
Signif. codes:  0 ‘***’ 0.001 ‘**’ 0.01 ‘*’ 0.05 ‘.’ 0.1 ‘ ’ 1 

> 
> ### Meta-analysis with se in original study and dummy variables for journal and discipline (JPSP is reference category) with "ML" as estimator for tau2 (model comparison)
> res1 <- rma(yi = final$fis.o, sei = final$sei.o, mods = ~ final$sei.o + final$d.JEP + final$d.PSCog + final$d.PSSoc + final$d.PSOth, method = "ML")
> res1

Mixed-Effects Model (k = 69; tau^2 estimator: ML)

tau^2 (estimated amount of residual heterogeneity):     0.0211 (SE = 0.0067)
tau (square root of estimated tau^2 value):             0.1453
I^2 (residual heterogeneity / unaccounted variability): 60.00%
H^2 (unaccounted variability / sampling variability):   2.50
R^2 (amount of heterogeneity accounted for):            40.34%

Test for Residual Heterogeneity: 
QE(df = 63) = 193.2785, p-val < .0001

Test of Moderators (coefficient(s) 2,3,4,5,6): 
QM(df = 5) = 35.1507, p-val < .0001

Model Results:

               estimate      se    zval    pval    ci.lb   ci.ub     
intrcpt          0.0706  0.0640  1.1026  0.2702  -0.0549  0.1960     
final$sei.o      1.9545  0.4306  4.5390  <.0001   1.1105  2.7984  ***
final$d.JEP      0.1301  0.0672  1.9371  0.0527  -0.0015  0.2617    .
final$d.PSCog    0.0878  0.1088  0.8073  0.4195  -0.1254  0.3010     
final$d.PSSoc    0.1162  0.0642  1.8098  0.0703  -0.0096  0.2421    .
final$d.PSOth    0.1167  0.1105  1.0557  0.2911  -0.0999  0.3333     

---
Signif. codes:  0 ‘***’ 0.001 ‘**’ 0.01 ‘*’ 0.05 ‘.’ 0.1 ‘ ’ 1 

> 
> ### Comparing models with and without discipline
> anova(res0, res1)
        df      AIC      BIC     AICc  logLik    LRT   pval       QE  tau^2  R^2
Full     7 -14.8605   0.7782 -13.0244 14.4303               193.2785 0.0211     
Reduced  3 -17.9923 -11.2900 -17.6231 11.9962 4.8682 0.3011 201.9035 0.0234 9.6%
> 
> ### Meta-analysis with dummy variables for journal and discipline (JPSP is reference category)
> rma(yi = final$fis.o, sei = final$sei.o, mods = ~ final$d.JEP + final$d.PSCog + final$d.PSSoc + final$d.PSOth, method = "REML")

Mixed-Effects Model (k = 69; tau^2 estimator: REML)

tau^2 (estimated amount of residual heterogeneity):     0.0330 (SE = 0.0094)
tau (square root of estimated tau^2 value):             0.1817
I^2 (residual heterogeneity / unaccounted variability): 70.28%
H^2 (unaccounted variability / sampling variability):   3.36
R^2 (amount of heterogeneity accounted for):            8.76%

Test for Residual Heterogeneity: 
QE(df = 64) = 258.7577, p-val < .0001

Test of Moderators (coefficient(s) 2,3,4,5): 
QM(df = 4) = 12.1603, p-val = 0.0162

Model Results:

               estimate      se    zval    pval    ci.lb   ci.ub     
intrcpt          0.2898  0.0499  5.8042  <.0001   0.1919  0.3876  ***
final$d.JEP      0.2234  0.0741  3.0166  0.0026   0.0783  0.3686   **
final$d.PSCog    0.2451  0.1183  2.0722  0.0382   0.0133  0.4769    *
final$d.PSSoc    0.1255  0.0747  1.6807  0.0928  -0.0209  0.2719    .
final$d.PSOth    0.2541  0.1194  2.1275  0.0334   0.0200  0.4882    *

---
Signif. codes:  0 ‘***’ 0.001 ‘**’ 0.01 ‘*’ 0.05 ‘.’ 0.1 ‘ ’ 1 

> 
> ### Meta-analysis with se in original study, dummy variables for journal and discipline (JPSP is reference category), and its interactions as moderators
> rma(yi = final$fis.o, sei = final$sei.o, mods = ~ final$sei.o + final$d.JEP + final$d.PSCog + final$d.PSSoc + final$d.PSOth + final$sei.o*final$d.JEP + final$sei.o*final$d.PSSoc + final$sei.o*final$d.PSOth, method = "REML")

Mixed-Effects Model (k = 69; tau^2 estimator: REML)

tau^2 (estimated amount of residual heterogeneity):     0.0251 (SE = 0.0081)
tau (square root of estimated tau^2 value):             0.1585
I^2 (residual heterogeneity / unaccounted variability): 63.81%
H^2 (unaccounted variability / sampling variability):   2.76
R^2 (amount of heterogeneity accounted for):            30.55%

Test for Residual Heterogeneity: 
QE(df = 60) = 190.8849, p-val < .0001

Test of Moderators (coefficient(s) 2,3,4,5,6,7,8,9): 
QM(df = 8) = 32.9180, p-val < .0001

Model Results:

                           estimate      se     zval    pval    ci.lb   ci.ub    
intrcpt                      0.0631  0.0932   0.6775  0.4981  -0.1195  0.2457    
final$sei.o                  2.0161  0.7301   2.7613  0.0058   0.5851  3.4472  **
final$d.JEP                  0.1003  0.1582   0.6340  0.5261  -0.2097  0.4103    
final$d.PSCog                0.0859  0.1214   0.7076  0.4792  -0.1521  0.3239    
final$d.PSSoc                0.1902  0.1592   1.1947  0.2322  -0.1218  0.5021    
final$d.PSOth                0.1356  0.3188   0.4253  0.6706  -0.4892  0.7605    
final$sei.o:final$d.JEP      0.1834  1.0504   0.1746  0.8614  -1.8753  2.2421    
final$sei.o:final$d.PSSoc   -0.6431  1.2591  -0.5108  0.6095  -3.1108  1.8246    
final$sei.o:final$d.PSOth   -0.1266  1.7535  -0.0722  0.9424  -3.5635  3.3102    

---
Signif. codes:  0 ‘***’ 0.001 ‘**’ 0.01 ‘*’ 0.05 ‘.’ 0.1 ‘ ’ 1 

> 
> #######################################################
> ### Meta-analyses based on only replication studies ###
> #######################################################
> 
> ### Meta-analysis of null model
> res <- rma(yi = final$fis.r, sei = final$sei.r, method = "REML")
> res

Random-Effects Model (k = 69; tau^2 estimator: REML)

tau^2 (estimated amount of total heterogeneity): 0.0638 (SE = 0.0142)
tau (square root of estimated tau^2 value):      0.2526
I^2 (total heterogeneity / total variability):   89.84%
H^2 (total variability / sampling variability):  9.84

Test for Heterogeneity: 
Q(df = 68) = 403.5151, p-val < .0001

Model Results:

estimate       se     zval     pval    ci.lb    ci.ub          
  0.2137   0.0351   6.0796   <.0001   0.1448   0.2825      *** 

---
Signif. codes:  0 ‘***’ 0.001 ‘**’ 0.01 ‘*’ 0.05 ‘.’ 0.1 ‘ ’ 1 

> # png("C:/Users/S787802/Desktop/Funnel replication RPP.png", width = 900, height = 900, res = 200, pointsize = 5)
> funnel(res, main = "Funnel plot based on replication studies")
> # dev.off()
> 
> ### Meta-analysis with se in replication study as moderator
> rma(yi = final$fis.r, sei = final$sei.r, mods = ~ final$sei.r, method = "REML")

Mixed-Effects Model (k = 69; tau^2 estimator: REML)

tau^2 (estimated amount of residual heterogeneity):     0.0510 (SE = 0.0119)
tau (square root of estimated tau^2 value):             0.2259
I^2 (residual heterogeneity / unaccounted variability): 86.55%
H^2 (unaccounted variability / sampling variability):   7.43
R^2 (amount of heterogeneity accounted for):            20.04%

Test for Residual Heterogeneity: 
QE(df = 67) = 361.5331, p-val < .0001

Test of Moderators (coefficient(s) 2): 
QM(df = 1) = 14.8686, p-val = 0.0001

Model Results:

             estimate      se     zval    pval    ci.lb   ci.ub     
intrcpt       -0.0197  0.0675  -0.2921  0.7702  -0.1520  0.1126     
final$sei.r    1.8148  0.4706   3.8560  0.0001   0.8923  2.7372  ***

---
Signif. codes:  0 ‘***’ 0.001 ‘**’ 0.01 ‘*’ 0.05 ‘.’ 0.1 ‘ ’ 1 

> 
> ### Meta-analysis with se in replication study as moderator with "ML" as estimator for tau2 (model comparison)
> res0 <- rma(yi = final$fis.r, sei = final$sei.r, mods = ~ final$sei.r, method = "ML")
> res0

Mixed-Effects Model (k = 69; tau^2 estimator: ML)

tau^2 (estimated amount of residual heterogeneity):     0.0490 (SE = 0.0114)
tau (square root of estimated tau^2 value):             0.2214
I^2 (residual heterogeneity / unaccounted variability): 86.06%
H^2 (unaccounted variability / sampling variability):   7.18
R^2 (amount of heterogeneity accounted for):            21.40%

Test for Residual Heterogeneity: 
QE(df = 67) = 361.5331, p-val < .0001

Test of Moderators (coefficient(s) 2): 
QM(df = 1) = 15.1977, p-val < .0001

Model Results:

             estimate      se     zval    pval    ci.lb   ci.ub     
intrcpt       -0.0196  0.0665  -0.2946  0.7683  -0.1499  0.1107     
final$sei.r    1.8135  0.4652   3.8984  <.0001   0.9018  2.7253  ***

---
Signif. codes:  0 ‘***’ 0.001 ‘**’ 0.01 ‘*’ 0.05 ‘.’ 0.1 ‘ ’ 1 

> 
> ### Meta-analysis with se in replication study and dummy variables for journal and discipline (JPSP is reference category)
> rma(yi = final$fis.r, sei = final$sei.r, mods = ~ final$sei.r + final$d.JEP + final$d.PSCog + final$d.PSSoc + final$d.PSOth, method = "REML")

Mixed-Effects Model (k = 69; tau^2 estimator: REML)

tau^2 (estimated amount of residual heterogeneity):     0.0432 (SE = 0.0108)
tau (square root of estimated tau^2 value):             0.2078
I^2 (residual heterogeneity / unaccounted variability): 82.54%
H^2 (unaccounted variability / sampling variability):   5.73
R^2 (amount of heterogeneity accounted for):            32.37%

Test for Residual Heterogeneity: 
QE(df = 63) = 299.0205, p-val < .0001

Test of Moderators (coefficient(s) 2,3,4,5,6): 
QM(df = 5) = 27.5074, p-val < .0001

Model Results:

               estimate      se     zval    pval    ci.lb   ci.ub    
intrcpt         -0.1229  0.0733  -1.6764  0.0937  -0.2665  0.0208   .
final$sei.r      1.7151  0.5540   3.0961  0.0020   0.6294  2.8009  **
final$d.JEP      0.1525  0.0858   1.7774  0.0755  -0.0157  0.3207   .
final$d.PSCog    0.2591  0.1268   2.0425  0.0411   0.0105  0.5077   *
final$d.PSSoc    0.2098  0.0788   2.6615  0.0078   0.0553  0.3642  **
final$d.PSOth   -0.0584  0.1627  -0.3591  0.7195  -0.3774  0.2605    

---
Signif. codes:  0 ‘***’ 0.001 ‘**’ 0.01 ‘*’ 0.05 ‘.’ 0.1 ‘ ’ 1 

> 
> ### Meta-analysis with se in replication study and dummy variables for journal and discipline (JPSP is reference category) with "ML" as estimator for tau2 (model comparison)
> res1 <- rma(yi = final$fis.r, sei = final$sei.r, mods = ~ final$sei.r + final$d.JEP + final$d.PSCog + final$d.PSSoc + final$d.PSOth, method = "ML")
> res1

Mixed-Effects Model (k = 69; tau^2 estimator: ML)

tau^2 (estimated amount of residual heterogeneity):     0.0376 (SE = 0.0093)
tau (square root of estimated tau^2 value):             0.1939
I^2 (residual heterogeneity / unaccounted variability): 80.46%
H^2 (unaccounted variability / sampling variability):   5.12
R^2 (amount of heterogeneity accounted for):            39.68%

Test for Residual Heterogeneity: 
QE(df = 63) = 299.0205, p-val < .0001

Test of Moderators (coefficient(s) 2,3,4,5,6): 
QM(df = 5) = 29.8085, p-val < .0001

Model Results:

               estimate      se     zval    pval    ci.lb   ci.ub    
intrcpt         -0.1212  0.0695  -1.7434  0.0813  -0.2575  0.0151   .
final$sei.r      1.7083  0.5314   3.2148  0.0013   0.6668  2.7498  **
final$d.JEP      0.1511  0.0815   1.8533  0.0638  -0.0087  0.3109   .
final$d.PSCog    0.2591  0.1209   2.1432  0.0321   0.0221  0.4961   *
final$d.PSSoc    0.2089  0.0745   2.8029  0.0051   0.0628  0.3549  **
final$d.PSOth   -0.0617  0.1564  -0.3947  0.6930  -0.3682  0.2447    

---
Signif. codes:  0 ‘***’ 0.001 ‘**’ 0.01 ‘*’ 0.05 ‘.’ 0.1 ‘ ’ 1 

> 
> ### Comparing models with and without discipline
> anova(res0, res1)
        df     AIC     BIC    AICc   logLik     LRT   pval       QE  tau^2    R^2
Full     7 22.7740 38.4127 24.6101  -4.3870                299.0205 0.0376       
Reduced  3 26.0660 32.7683 26.4352 -10.0330 11.2920 0.0235 361.5331 0.0490 23.26%
> 
> ### Meta-analysis with se in replication study and dummy variables for journal and discipline (JPSP is reference category)
> rma(yi = final$fis.r, sei = final$sei.r, mods = ~ final$sei.r + final$d.JEP + final$d.PSCog + final$d.PSSoc + final$d.PSOth, method = "REML")

Mixed-Effects Model (k = 69; tau^2 estimator: REML)

tau^2 (estimated amount of residual heterogeneity):     0.0432 (SE = 0.0108)
tau (square root of estimated tau^2 value):             0.2078
I^2 (residual heterogeneity / unaccounted variability): 82.54%
H^2 (unaccounted variability / sampling variability):   5.73
R^2 (amount of heterogeneity accounted for):            32.37%

Test for Residual Heterogeneity: 
QE(df = 63) = 299.0205, p-val < .0001

Test of Moderators (coefficient(s) 2,3,4,5,6): 
QM(df = 5) = 27.5074, p-val < .0001

Model Results:

               estimate      se     zval    pval    ci.lb   ci.ub    
intrcpt         -0.1229  0.0733  -1.6764  0.0937  -0.2665  0.0208   .
final$sei.r      1.7151  0.5540   3.0961  0.0020   0.6294  2.8009  **
final$d.JEP      0.1525  0.0858   1.7774  0.0755  -0.0157  0.3207   .
final$d.PSCog    0.2591  0.1268   2.0425  0.0411   0.0105  0.5077   *
final$d.PSSoc    0.2098  0.0788   2.6615  0.0078   0.0553  0.3642  **
final$d.PSOth   -0.0584  0.1627  -0.3591  0.7195  -0.3774  0.2605    

---
Signif. codes:  0 ‘***’ 0.001 ‘**’ 0.01 ‘*’ 0.05 ‘.’ 0.1 ‘ ’ 1 

> 
> ### Meta-analysis with dummy variables for journal and discipline (JPSP is reference category)
> rma(yi = final$fis.r, sei = final$sei.r, mods = ~ final$d.JEP + final$d.PSCog + final$d.PSSoc + final$d.PSOth, method = "REML")

Mixed-Effects Model (k = 69; tau^2 estimator: REML)

tau^2 (estimated amount of residual heterogeneity):     0.0509 (SE = 0.0122)
tau (square root of estimated tau^2 value):             0.2256
I^2 (residual heterogeneity / unaccounted variability): 85.61%
H^2 (unaccounted variability / sampling variability):   6.95
R^2 (amount of heterogeneity accounted for):            20.26%

Test for Residual Heterogeneity: 
QE(df = 64) = 339.6237, p-val < .0001

Test of Moderators (coefficient(s) 2,3,4,5): 
QM(df = 4) = 16.1637, p-val = 0.0028

Model Results:

               estimate      se    zval    pval    ci.lb   ci.ub    
intrcpt          0.0344  0.0566  0.6083  0.5430  -0.0765  0.1454    
final$d.JEP      0.2637  0.0834  3.1604  0.0016   0.1002  0.4273  **
final$d.PSCog    0.3980  0.1261  3.1575  0.0016   0.1510  0.6451  **
final$d.PSSoc    0.2223  0.0843  2.6374  0.0084   0.0571  0.3875  **
final$d.PSOth    0.1921  0.1493  1.2865  0.1983  -0.1006  0.4848    

---
Signif. codes:  0 ‘***’ 0.001 ‘**’ 0.01 ‘*’ 0.05 ‘.’ 0.1 ‘ ’ 1 

> 
> ### Meta-analysis with se in replication study, dummy variables for journal and discipline (JPSP is reference category), and its interactions as moderators
> rma(yi = final$fis.r, sei = final$sei.r, mods = ~ final$sei.r + final$d.JEP + final$d.PSCog + final$d.PSSoc + final$d.PSOth + final$sei.r*final$d.JEP + final$sei.r*final$d.PSSoc + final$sei.r*final$d.PSOth, method = "REML")

Mixed-Effects Model (k = 69; tau^2 estimator: REML)

tau^2 (estimated amount of residual heterogeneity):     0.0441 (SE = 0.0112)
tau (square root of estimated tau^2 value):             0.2100
I^2 (residual heterogeneity / unaccounted variability): 81.24%
H^2 (unaccounted variability / sampling variability):   5.33
R^2 (amount of heterogeneity accounted for):            30.90%

Test for Residual Heterogeneity: 
QE(df = 60) = 286.0394, p-val < .0001

Test of Moderators (coefficient(s) 2,3,4,5,6,7,8,9): 
QM(df = 8) = 29.8551, p-val = 0.0002

Model Results:

                           estimate      se     zval    pval    ci.lb   ci.ub   
intrcpt                     -0.0250  0.1002  -0.2496  0.8029  -0.2214  0.1714   
final$sei.r                  0.6477  0.9242   0.7008  0.4834  -1.1638  2.4592   
final$d.JEP                 -0.0265  0.1882  -0.1407  0.8881  -0.3954  0.3425   
final$d.PSCog                0.3432  0.1404   2.4449  0.0145   0.0681  0.6183  *
final$d.PSSoc                0.1155  0.1815   0.6365  0.5244  -0.2402  0.4713   
final$d.PSOth               -0.5102  0.3820  -1.3355  0.1817  -1.2589  0.2385   
final$sei.r:final$d.JEP      1.5930  1.3318   1.1961  0.2317  -1.0173  4.2034   
final$sei.r:final$d.PSSoc    1.0304  1.6921   0.6089  0.5426  -2.2861  4.3469   
final$sei.r:final$d.PSOth    2.5877  1.7400   1.4871  0.1370  -0.8227  5.9981   

---
Signif. codes:  0 ‘***’ 0.001 ‘**’ 0.01 ‘*’ 0.05 ‘.’ 0.1 ‘ ’ 1 

> 
> ##############################
> ### Meta-analyses per pair ###
> ##############################
> 
> ### How often is the null hypotheses rejected in the meta-analysis
> in.ci <- es.meta <- se.meta <- ci.lb.meta <- ci.ub.meta <- pval.meta <- numeric()
> 
> for(i in 1:length(final$fis.o)) {
+   tmp <- rma(yi = c(final$fis.o[i], final$fis.r[i]), sei = c(final$sei.o[i], final$sei.r[i]), method = "FE")
+   es.meta[i] <- tmp$b[1]
+   se.meta[i] <- tmp$se
+   ci.lb.meta[i] <- tmp$ci.lb
+   ci.ub.meta[i] <- tmp$ci.ub
+   pval.meta[i] <- tmp$pval
+   
+   if(tmp$pval < 0.05) { in.ci[i] <- 1
+   } else { in.ci[i] <- 0 }
+ }
> 
> sum(in.ci)/length(in.ci) # Proportion of times the null hypothesis of no effect is rejected
[1] 0.7246377
> 
> ### Create data frame
> tab <- data.frame(ID = final$ID, fis.o = final$fis.o, sei.o = final$sei.o, pval.o = final$pval.o, fis.r = final$fis.r, sei.r = final$sei.r, 
+                   pval.r = final$pval.r, diff = final$yi, es.meta = es.meta, se.meta = se.meta, ci.lb.meta = ci.lb.meta, ci.ub.meta = ci.ub.meta, pval.meta = pval.meta)
> 
> ### Check how often effect size original study is within CI of meta-analysis
> in.ci.meta <- numeric()
> 
> for(i in 1:length(final$fis.o)) {
+   
+   if(final$fis.o[i] > ci.lb.meta[i] & final$fis.o[i] < ci.ub.meta[i]) {
+     in.ci.meta[i] <- TRUE
+   } else { in.ci.meta[i] <- FALSE }
+   
+ }
> 
> sum(in.ci.meta)/length(in.ci.meta) # Proportion of times the original study is within the CI of meta-analysis
[1] 0.6086957
> 
> ############################################################
> ### How often is original study within CI of replication ###
> ############################################################
> 
> ### Create confidence interval for replications
> ci.lb <- final$fis.r-qnorm(.975)*final$sei.r
> ci.ub <- final$fis.r+qnorm(.975)*final$sei.r
> 
> in.ci <- numeric()
> 
> for(i in 1:length(final$fis.r)) {
+   
+   if (final$fis.o[i] > ci.lb[i] & final$fis.o[i] < ci.ub[i]) {
+     in.ci[i] <- TRUE
+   } else { in.ci[i] <- FALSE }
+   
+ }
> 
> sum(in.ci)/length(in.ci) # Proportion of times the original study is within the CI of the replication
[1] 0.4202899
> 
> ### Predicting how often effect size of original study is within CI of replication
> overlap <- numeric()
> points <- 1000000
> p <- 1:points/(points+1)
> 
> for (i in 1:length(final$N.r)) {
+   zu <- qnorm(p,0,1/sqrt(final$N.r[i]-3)) + qnorm(.975)/sqrt(final$N.r[i]-3)
+   zl <- zu - 2*qnorm(.975)/sqrt(final$N.r[i]-3)
+   overlap[i] <- mean(pnorm(zu,0,1/sqrt(final$N.o[i]-3))) - mean(pnorm(zl,0,1/sqrt(final$N.o[i]-3)))
+ }
> overlap
 [1] 0.7230489 0.8342246 0.8033464 0.7929864 0.7818304 0.7976371 0.9344699 0.8303252 0.7941837 0.6996958 0.8787363 0.8208099 0.9130317 0.8365067 0.7193794
[16] 0.6749298 0.7292801 0.8312130 0.8342246 0.8342246 0.7758322 0.6949578 0.7344564 0.7000259 0.8508379 0.7121914 0.9050646 0.7820982 0.7385099 0.7306008
[31] 0.6582552 0.7484706 0.8942939 0.8383796 0.7823072 0.8427805 0.8342246 0.8540522 0.7179258 0.3265906 0.8005429 0.7529083 0.8894029 0.7320969 0.8342246
[46] 0.7928042 0.8342246 0.9224120 0.8551690 0.7916176 0.7914959 0.7051984 0.7397986 0.7038225 0.7726095 0.7387346 0.5331224 0.7392696 0.8944217 0.8593898
[61] 0.8002104 0.7926131 0.6684134 0.8342246 0.9271337 0.7960785 0.7061323 0.8342246 0.8086667
> mean(overlap)
[1] 0.7831435
> 
> #######################################
> ### Correlations between moderators ###
> #######################################
> 
> ### Load package for correlation table
> library(Hmisc)
> 
> ### Create variable with meta-analysis estimate with NAs
> es.meta.all <- vector(length = nrow(df))
> s <- 1
> for(i in 1:max(final$ID)) {
+   if (i == final$ID[s]) {
+     es.meta.all[i] <- es.meta[s]
+     s <- s + 1
+   } else {
+     es.meta.all[i] <- NA
+   }
+ }
> 
> ### Create matrix for correlation table
> mat <- cbind(df$fis.o, df$fis.r, df$yi, es.meta.all, df$sc.imp, df$sc.surp, df$sc.expe1, df$sc.chal, df$sc.expe2, df$sc.self)
> colnames(mat) <- c("fis.o", "fis.r", "diff", "es.meta", "importance", "surprising", "experience.O", "challenge", "experience.R", "quality")
> 
> ### Subset of only the replicated studies
> mat <- subset(mat, is.na(df$fis.r) == FALSE)
> 
> ### Create table with correlations
> rcorr(mat, type = "pearson")
             fis.o fis.r  diff es.meta importance surprising experience.O challenge experience.R quality
fis.o         1.00  0.65  0.23    0.84      -0.12      -0.13        -0.11     -0.11         0.18   -0.10
fis.r         0.65  1.00 -0.59    0.91      -0.07      -0.16        -0.03     -0.17        -0.06   -0.09
diff          0.23 -0.59  1.00   -0.31      -0.04       0.07        -0.08      0.10         0.27    0.01
es.meta       0.84  0.91 -0.31    1.00      -0.23      -0.23        -0.07     -0.23         0.03    0.01
importance   -0.12 -0.07 -0.04   -0.23       1.00       0.45         0.41      0.27         0.01    0.11
surprising   -0.13 -0.16  0.07   -0.23       0.45       1.00         0.05      0.21         0.07   -0.03
experience.O -0.11 -0.03 -0.08   -0.07       0.41       0.05         1.00      0.10        -0.12    0.26
challenge    -0.11 -0.17  0.10   -0.23       0.27       0.21         0.10      1.00         0.04    0.02
experience.R  0.18 -0.06  0.27    0.03       0.01       0.07        -0.12      0.04         1.00   -0.11
quality      -0.10 -0.09  0.01    0.01       0.11      -0.03         0.26      0.02        -0.11    1.00

n
             fis.o fis.r diff es.meta importance surprising experience.O challenge experience.R quality
fis.o           93    93   93      69         93         93           93        92           91      93
fis.r           93    93   93      69         93         93           93        92           91      93
diff            93    93   93      69         93         93           93        92           91      93
es.meta         69    69   69      93         69         69           69        69           69      69
importance      93    93   93      69         93         93           93        92           91      93
surprising      93    93   93      69         93         93           93        92           91      93
experience.O    93    93   93      69         93         93           93        92           91      93
challenge       92    92   92      69         92         92           92        93           91      92
experience.R    91    91   91      69         91         91           91        91           93      91
quality         93    93   93      69         93         93           93        92           91      93

P
             fis.o  fis.r  diff   es.meta importance surprising experience.O challenge experience.R quality
fis.o               0.0000 0.0276 0.0000  0.2507     0.2061     0.2803       0.2854    0.0945       0.3627 
fis.r        0.0000        0.0000 0.0000  0.4993     0.1167     0.7682       0.0961    0.5562       0.4008 
diff         0.0276 0.0000        0.0087  0.7216     0.5100     0.4390       0.3232    0.0102       0.9145 
es.meta      0.0000 0.0000 0.0087         0.0543     0.0532     0.5601       0.0552    0.8298       0.9557 
importance   0.2507 0.4993 0.7216 0.0543             0.0000     0.0000       0.0086    0.9021       0.3088 
surprising   0.2061 0.1167 0.5100 0.0532  0.0000                0.6202       0.0432    0.5374       0.7645 
experience.O 0.2803 0.7682 0.4390 0.5601  0.0000     0.6202                  0.3471    0.2666       0.0109 
challenge    0.2854 0.0961 0.3232 0.0552  0.0086     0.0432     0.3471                 0.7205       0.8570 
experience.R 0.0945 0.5562 0.0102 0.8298  0.9021     0.5374     0.2666       0.7205                 0.3139 
quality      0.3627 0.4008 0.9145 0.9557  0.3088     0.7645     0.0109       0.8570    0.3139              
> 
> ### Option 2 for standardizing moderators
> option <- 2
> 
> # b. IMPORTANCE OF THE EFFECT
> 
> ### Standardizing "Citation count, paper (O)"
> st.impa <- stand(MASTER$Citation.count..paper..O., max = max(MASTER$Citation.count..paper..O., na.rm = TRUE), min = min(MASTER$Citation.count..paper..O., na.rm = TRUE), option = option)
> 
> ### Standardizing "Exciting/important effect"
> st.exci <- stand(as.numeric(levels(MASTER$Exciting.result..O.))[MASTER$Exciting.result..O.], max = 6, min = 1, option = option)
Warning message:
In stand(as.numeric(levels(MASTER$Exciting.result..O.))[MASTER$Exciting.result..O.],  :
  NAs introduced by coercion
> 
> ### Creating scale
> sc.impo <- (st.impa + st.exci)/2
> 
> # c. SURPRISING EFFECT
> 
> ### Standardizing "Surprising effect" and creating scale
> sc.surp <- stand(as.numeric(levels(MASTER$Surprising.result..O.))[MASTER$Surprising.result..O.], max = 6, min = 1, option = option)
Warning message:
In stand(as.numeric(levels(MASTER$Surprising.result..O.))[MASTER$Surprising.result..O.],  :
  NAs introduced by coercion
> 
> # d. EXPERIENCE AND EXPERTISE OF ORIGINAL TEAM
> 
> ### Taking the average and then standardizing "Institution prestige of 1st author and senior author" 
> ave.pres <- (MASTER$Institution.prestige..1st.author..O.+MASTER$Institution.prestige..senior.author..O.)/2
> st.pres <- stand(ave.pres, min = 2, max = 10, option = option)
> 
> ### Standardizing "Citation Count, 1st author (O)"
> st.impa.1st <- stand(MASTER$Citation.Count..1st.author..O., max = max(MASTER$Citation.Count..1st.author..O., na.rm = TRUE), min = min(MASTER$Citation.Count..1st.author..O., na.rm = TRUE), option = option)
> 
> ### Standardizing "Citation count, senior author (O)"
> st.impa.sen <- stand(MASTER$Citation.count..senior.author..O., max = max(MASTER$Citation.count..senior.author..O., na.rm = TRUE), min = min(MASTER$Citation.count..senior.author..O., na.rm = TRUE), option = option)
> 
> ### Creating scale
> sc.expe1 <- (st.pres + st.impa.1st + st.impa.sen)/3
> 
> # e. CHALLENGE OF CONDUCTING REPLICATION
> 
> ### Standardizing "Perceived expertise required"
> st.expe <- stand(as.numeric(fac.expe), max = 1, min = 5, option = option)
> 
> ### Standardizing "Perceived opportunity for expectancy biases"
> st.oppo.expe <- stand(as.numeric(fac.oppo.expe), max = 4, min = 1, option = option)
> 
> ### Standardizing "Perceived opportunity for impact of lack of diligence"
> st.oppo.dili <- stand(as.numeric(fac.oppo.dili), max = 4, min = 1, option = option)
> 
> ### Create scale
> sc.chal <- (st.expe + st.oppo.expe + st.oppo.dili)/3
> 
> # f. EXPERIENCE AND EXPERTISE OF REPLICATION TEAM
> 
> ### Standardizing "Position of senior member of replication team"
> st.posi <- stand(as.numeric(fac.posi), max = 7, min = 1, option = option)
> 
> ### Standardizing "Highest degree of replication team's senior member"
> st.degr <- stand(as.numeric(fac.degr), max = 6, min = 1, option = option)
> 
> ### Standardizing "Replication team domain expertise"
> st.doma <- stand(as.numeric(fac.doma), max = 5, min = 1, option = option)
> 
> ### Standardizing "Replication team method expertise"
> st.meth <- stand(as.numeric(fac.meth), max = 5, min = 1, option = option)
> 
> ### Standardizing "Replication team senior member's total publications"
> st.publ <- stand(MASTER$Total.publications..R., max = max(MASTER$Total.publications..R., na.rm = TRUE), min = min(MASTER$Total.publications..R., na.rm = TRUE), option = option)
> 
> ### Standardizing "Replication team senior member's total publications and total number of peer-reviewed articles"
> st.peer <- stand(MASTER$Peer.reviewed.articles..R., max = max(MASTER$Peer.reviewed.articles..R., na.rm = TRUE), min = min(MASTER$Peer.reviewed.articles..R., na.rm = TRUE), option = option)
> 
> ### Standardizing "Replication team senior member's total citations"
> st.cita <- stand(MASTER$Citations..R., max = max(MASTER$Citations..R., na.rm = TRUE), min = min(MASTER$Citations..R., na.rm = TRUE), option = option)
> 
> ### Create scale
> sc.expe2 <- (st.posi + st.degr + st.doma + st.meth + st.publ + st.cita)/6
> 
> # g. SELF-ASSESSED QUALITY OF REPLICATION
> 
> ### Standardizing "Self-assessed quality of replication"
> st.impl <- stand(as.numeric(fac.impl), max = 6, min = 1, option = option)
> 
> ### Standardizing "Self-assessed data collection quality of replication"
> st.data <- stand(as.numeric(fac.data), max = 7, min = 1, option = option)
> 
> ### Standardizing "Self-assessed replication similarity to original"
> st.repl <- stand(as.numeric(fac.repl), max = 7, min = 1, option = option)
> 
> ### Standardizing "Self-assessed difficulty of implementation"
> st.diff <- stand(as.numeric(fac.diff), max = 6, min = 1, option = option)
> 
> ### Create a scale
> sc.self <- (st.impl + st.data + st.repl + st.diff)/4
> 
> ### Select the same studies as with the other option for standardizing
> df <- data.frame(ID = MASTER$ID, stat = as.character(MASTER$T_Test.Statistic..O.), df1 = MASTER$T_df1..O., yi, sei, fis.o, sei.o, N.o, pval.o, fis.r, sei.r, N.r, pval.r, 
+                  d.JEP, d.PSCog, d.PSSoc, d.PSOth, sc.impo, sc.surp, sc.expe1, sc.chal, sc.expe2, sc.self)
> df[149, ] <- NA ### Remove duplicate
> 
> ### Create matrix for correlation table
> mat <- cbind(df$fis.o, df$fis.r, df$yi, es.meta.all, df$sc.imp, df$sc.surp, df$sc.expe1, df$sc.chal, df$sc.expe2, df$sc.self)
> colnames(mat) <- c("fis.o", "fis.r", "diff", "es.meta", "importance", "surprising", "experience.O", "challenge", "experience.R", "quality")
> 
> ### Subset of only the replicated studies
> mat <- subset(mat, is.na(df$fis.r) == FALSE)
> 
> ### Create table with correlations
> rcorr(mat, type = "pearson")
             fis.o fis.r  diff es.meta importance surprising experience.O challenge experience.R quality
fis.o         1.00  0.65  0.23    0.84      -0.11      -0.13        -0.12     -0.25         0.16   -0.10
fis.r         0.65  1.00 -0.59    0.91      -0.06      -0.16        -0.03     -0.28        -0.06   -0.09
diff          0.23 -0.59  1.00   -0.31      -0.04       0.07        -0.10      0.09         0.24    0.01
es.meta       0.84  0.91 -0.31    1.00      -0.22      -0.23        -0.08     -0.36         0.01   -0.02
importance   -0.11 -0.06 -0.04   -0.22       1.00       0.41         0.43      0.07         0.00    0.09
surprising   -0.13 -0.16  0.07   -0.23       0.41       1.00         0.06      0.04         0.07   -0.04
experience.O -0.12 -0.03 -0.10   -0.08       0.43       0.06         1.00      0.01        -0.18    0.28
challenge    -0.25 -0.28  0.09   -0.36       0.07       0.04         0.01      1.00         0.10   -0.05
experience.R  0.16 -0.06  0.24    0.01       0.00       0.07        -0.18      0.10         1.00   -0.13
quality      -0.10 -0.09  0.01   -0.02       0.09      -0.04         0.28     -0.05        -0.13    1.00

n
             fis.o fis.r diff es.meta importance surprising experience.O challenge experience.R quality
fis.o           93    93   93      69         93         93           93        92           91      93
fis.r           93    93   93      69         93         93           93        92           91      93
diff            93    93   93      69         93         93           93        92           91      93
es.meta         69    69   69      93         69         69           69        69           69      69
importance      93    93   93      69         93         93           93        92           91      93
surprising      93    93   93      69         93         93           93        92           91      93
experience.O    93    93   93      69         93         93           93        92           91      93
challenge       92    92   92      69         92         92           92        93           91      92
experience.R    91    91   91      69         91         91           91        91           93      91
quality         93    93   93      69         93         93           93        92           91      93

P
             fis.o  fis.r  diff   es.meta importance surprising experience.O challenge experience.R quality
fis.o               0.0000 0.0276 0.0000  0.3029     0.2061     0.2491       0.0149    0.1249       0.3173 
fis.r        0.0000        0.0000 0.0000  0.5741     0.1167     0.8064       0.0062    0.6025       0.3681 
diff         0.0276 0.0000        0.0087  0.7064     0.5100     0.3598       0.3737    0.0200       0.9293 
es.meta      0.0000 0.0000 0.0087         0.0669     0.0532     0.5401       0.0022    0.9274       0.8713 
importance   0.3029 0.5741 0.7064 0.0669             0.0000     0.0000       0.5005    0.9970       0.3956 
surprising   0.2061 0.1167 0.5100 0.0532  0.0000                0.5499       0.7101    0.5279       0.7228 
experience.O 0.2491 0.8064 0.3598 0.5401  0.0000     0.5499                  0.9168    0.0847       0.0071 
challenge    0.0149 0.0062 0.3737 0.0022  0.5005     0.7101     0.9168                 0.3327       0.6453 
experience.R 0.1249 0.6025 0.0200 0.9274  0.9970     0.5279     0.0847       0.3327                 0.2244 
quality      0.3173 0.3681 0.9293 0.8713  0.3956     0.7228     0.0071       0.6453    0.2244              
> 
